
  .   ____          _            __ _ _
 /\\ / ___'_ __ _ _(_)_ __  __ _ \ \ \ \
( ( )\___ | '_ | '_| | '_ \/ _` | \ \ \ \
 \\/  ___)| |_)| | | | | || (_| |  ) ) ) )
  '  |____| .__|_| |_|_| |_\__, | / / / /
 =========|_|==============|___/=/_/_/_/

 :: Spring Boot ::                (v3.5.0)

2026-01-29T15:32:15.605+01:00  INFO 264485 --- [smboutique-backend] [           main] com.smboutique.api.ApiApplication        : Starting ApiApplication v0.0.1-SNAPSHOT using Java 21.0.9 with PID 264485 (/home/maitre/JAKO-DANAYA/backend/target/backend-0.0.1-SNAPSHOT.jar started by maitre in /home/maitre/JAKO-DANAYA/backend)
2026-01-29T15:32:15.609+01:00  INFO 264485 --- [smboutique-backend] [           main] com.smboutique.api.ApiApplication        : No active profile set, falling back to 1 default profile: "local"
2026-01-29T15:32:17.465+01:00  INFO 264485 --- [smboutique-backend] [           main] .s.d.r.c.RepositoryConfigurationDelegate : Bootstrapping Spring Data JPA repositories in DEFAULT mode.
2026-01-29T15:32:17.832+01:00  INFO 264485 --- [smboutique-backend] [           main] .s.d.r.c.RepositoryConfigurationDelegate : Finished Spring Data repository scanning in 346 ms. Found 34 JPA repository interfaces.
2026-01-29T15:32:19.434+01:00  INFO 264485 --- [smboutique-backend] [           main] o.s.b.w.embedded.tomcat.TomcatWebServer  : Tomcat initialized with port 8085 (http)
2026-01-29T15:32:19.475+01:00  INFO 264485 --- [smboutique-backend] [           main] o.apache.catalina.core.StandardService   : Starting service [Tomcat]
2026-01-29T15:32:19.475+01:00  INFO 264485 --- [smboutique-backend] [           main] o.apache.catalina.core.StandardEngine    : Starting Servlet engine: [Apache Tomcat/10.1.41]
2026-01-29T15:32:19.532+01:00  INFO 264485 --- [smboutique-backend] [           main] o.a.c.c.C.[Tomcat].[localhost].[/]       : Initializing Spring embedded WebApplicationContext
2026-01-29T15:32:19.534+01:00  INFO 264485 --- [smboutique-backend] [           main] w.s.c.ServletWebServerApplicationContext : Root WebApplicationContext: initialization completed in 3849 ms
2026-01-29T15:32:19.801+01:00  INFO 264485 --- [smboutique-backend] [           main] o.hibernate.jpa.internal.util.LogHelper  : HHH000204: Processing PersistenceUnitInfo [name: default]
2026-01-29T15:32:19.917+01:00  INFO 264485 --- [smboutique-backend] [           main] org.hibernate.Version                    : HHH000412: Hibernate ORM core version 6.6.15.Final
2026-01-29T15:32:19.982+01:00  INFO 264485 --- [smboutique-backend] [           main] o.h.c.internal.RegionFactoryInitiator    : HHH000026: Second-level cache disabled
2026-01-29T15:32:20.479+01:00  INFO 264485 --- [smboutique-backend] [           main] o.s.o.j.p.SpringPersistenceUnitInfo      : No LoadTimeWeaver setup: ignoring JPA class transformer
2026-01-29T15:32:20.536+01:00  INFO 264485 --- [smboutique-backend] [           main] com.zaxxer.hikari.HikariDataSource       : HikariPool-1 - Starting...
2026-01-29T15:32:21.058+01:00  INFO 264485 --- [smboutique-backend] [           main] com.zaxxer.hikari.pool.HikariPool        : HikariPool-1 - Added connection org.postgresql.jdbc.PgConnection@341964d0
2026-01-29T15:32:21.060+01:00  INFO 264485 --- [smboutique-backend] [           main] com.zaxxer.hikari.HikariDataSource       : HikariPool-1 - Start completed.
2026-01-29T15:32:21.202+01:00  INFO 264485 --- [smboutique-backend] [           main] org.hibernate.orm.connections.pooling    : HHH10001005: Database info:
	Database JDBC URL [Connecting through datasource 'HikariDataSource (HikariPool-1)']
	Database driver: undefined/unknown
	Database version: 16.11
	Autocommit mode: undefined/unknown
	Isolation level: undefined/unknown
	Minimum pool size: undefined/unknown
	Maximum pool size: undefined/unknown
2026-01-29T15:32:24.283+01:00  INFO 264485 --- [smboutique-backend] [           main] o.h.e.t.j.p.i.JtaPlatformInitiator       : HHH000489: No JTA platform available (set 'hibernate.transaction.jta.platform' to enable JTA platform integration)
2026-01-29T15:32:28.206+01:00  INFO 264485 --- [smboutique-backend] [           main] j.LocalContainerEntityManagerFactoryBean : Initialized JPA EntityManagerFactory for persistence unit 'default'
2026-01-29T15:32:28.711+01:00  INFO 264485 --- [smboutique-backend] [           main] o.s.d.j.r.query.QueryEnhancerFactory     : Hibernate is in classpath; If applicable, HQL parser will be used.
2026-01-29T15:32:30.723+01:00  INFO 264485 --- [smboutique-backend] [           main] eAuthenticationProviderManagerConfigurer : Global AuthenticationManager configured with AuthenticationProvider bean with name authenticationProvider
2026-01-29T15:32:30.724+01:00  WARN 264485 --- [smboutique-backend] [           main] r$InitializeUserDetailsManagerConfigurer : Global AuthenticationManager configured with an AuthenticationProvider bean. UserDetailsService beans will not be used by Spring Security for automatically configuring username/password login. Consider removing the AuthenticationProvider bean. Alternatively, consider using the UserDetailsService in a manually instantiated DaoAuthenticationProvider. If the current configuration is intentional, to turn off this warning, increase the logging level of 'org.springframework.security.config.annotation.authentication.configuration.InitializeUserDetailsBeanManagerConfigurer' to ERROR
2026-01-29T15:32:32.565+01:00  WARN 264485 --- [smboutique-backend] [           main] JpaBaseConfiguration$JpaWebConfiguration : spring.jpa.open-in-view is enabled by default. Therefore, database queries may be performed during view rendering. Explicitly configure spring.jpa.open-in-view to disable this warning
2026-01-29T15:32:33.652+01:00  INFO 264485 --- [smboutique-backend] [           main] o.s.b.w.embedded.tomcat.TomcatWebServer  : Tomcat started on port 8085 (http) with context path '/'
2026-01-29T15:32:33.667+01:00  INFO 264485 --- [smboutique-backend] [           main] com.smboutique.api.ApiApplication        : Started ApiApplication in 19.011 seconds (process running for 20.064)
2026-01-29T15:32:33.672+01:00  INFO 264485 --- [smboutique-backend] [           main] c.smboutique.api.config.DataInitializer  : Starting data initialization...
2026-01-29T15:32:33.673+01:00  INFO 264485 --- [smboutique-backend] [           main] c.smboutique.api.config.DataInitializer  : Initializing permissions...
Hibernate: select p1_0.id_permission,p1_0.description,p1_0.name from permission p1_0 where p1_0.name=?
Hibernate: select p1_0.id_permission,p1_0.description,p1_0.name from permission p1_0 where p1_0.name=?
Hibernate: select p1_0.id_permission,p1_0.description,p1_0.name from permission p1_0 where p1_0.name=?
Hibernate: select p1_0.id_permission,p1_0.description,p1_0.name from permission p1_0 where p1_0.name=?
Hibernate: select p1_0.id_permission,p1_0.description,p1_0.name from permission p1_0 where p1_0.name=?
Hibernate: select p1_0.id_permission,p1_0.description,p1_0.name from permission p1_0 where p1_0.name=?
Hibernate: select p1_0.id_permission,p1_0.description,p1_0.name from permission p1_0 where p1_0.name=?
Hibernate: select p1_0.id_permission,p1_0.description,p1_0.name from permission p1_0 where p1_0.name=?
Hibernate: select p1_0.id_permission,p1_0.description,p1_0.name from permission p1_0 where p1_0.name=?
Hibernate: select p1_0.id_permission,p1_0.description,p1_0.name from permission p1_0 where p1_0.name=?
Hibernate: select p1_0.id_permission,p1_0.description,p1_0.name from permission p1_0 where p1_0.name=?
Hibernate: select p1_0.id_permission,p1_0.description,p1_0.name from permission p1_0 where p1_0.name=?
Hibernate: select p1_0.id_permission,p1_0.description,p1_0.name from permission p1_0 where p1_0.name=?
Hibernate: select p1_0.id_permission,p1_0.description,p1_0.name from permission p1_0 where p1_0.name=?
Hibernate: select p1_0.id_permission,p1_0.description,p1_0.name from permission p1_0 where p1_0.name=?
Hibernate: select p1_0.id_permission,p1_0.description,p1_0.name from permission p1_0 where p1_0.name=?
Hibernate: select p1_0.id_permission,p1_0.description,p1_0.name from permission p1_0 where p1_0.name=?
Hibernate: select p1_0.id_permission,p1_0.description,p1_0.name from permission p1_0 where p1_0.name=?
Hibernate: select p1_0.id_permission,p1_0.description,p1_0.name from permission p1_0 where p1_0.name=?
Hibernate: select p1_0.id_permission,p1_0.description,p1_0.name from permission p1_0 where p1_0.name=?
Hibernate: select p1_0.id_permission,p1_0.description,p1_0.name from permission p1_0 where p1_0.name=?
Hibernate: select p1_0.id_permission,p1_0.description,p1_0.name from permission p1_0 where p1_0.name=?
Hibernate: select p1_0.id_permission,p1_0.description,p1_0.name from permission p1_0 where p1_0.name=?
Hibernate: select p1_0.id_permission,p1_0.description,p1_0.name from permission p1_0 where p1_0.name=?
Hibernate: select p1_0.id_permission,p1_0.description,p1_0.name from permission p1_0 where p1_0.name=?
Hibernate: select p1_0.id_permission,p1_0.description,p1_0.name from permission p1_0 where p1_0.name=?
Hibernate: select p1_0.id_permission,p1_0.description,p1_0.name from permission p1_0 where p1_0.name=?
Hibernate: select p1_0.id_permission,p1_0.description,p1_0.name from permission p1_0 where p1_0.name=?
Hibernate: select p1_0.id_permission,p1_0.description,p1_0.name from permission p1_0 where p1_0.name=?
Hibernate: select p1_0.id_permission,p1_0.description,p1_0.name from permission p1_0 where p1_0.name=?
Hibernate: select p1_0.id_permission,p1_0.description,p1_0.name from permission p1_0 where p1_0.name=?
Hibernate: select p1_0.id_permission,p1_0.description,p1_0.name from permission p1_0 where p1_0.name=?
Hibernate: select p1_0.id_permission,p1_0.description,p1_0.name from permission p1_0 where p1_0.name=?
Hibernate: select p1_0.id_permission,p1_0.description,p1_0.name from permission p1_0 where p1_0.name=?
Hibernate: select p1_0.id_permission,p1_0.description,p1_0.name from permission p1_0 where p1_0.name=?
Hibernate: select p1_0.id_permission,p1_0.description,p1_0.name from permission p1_0 where p1_0.name=?
Hibernate: select p1_0.id_permission,p1_0.description,p1_0.name from permission p1_0 where p1_0.name=?
Hibernate: select p1_0.id_permission,p1_0.description,p1_0.name from permission p1_0 where p1_0.name=?
Hibernate: select p1_0.id_permission,p1_0.description,p1_0.name from permission p1_0 where p1_0.name=?
Hibernate: select p1_0.id_permission,p1_0.description,p1_0.name from permission p1_0 where p1_0.name=?
Hibernate: select p1_0.id_permission,p1_0.description,p1_0.name from permission p1_0 where p1_0.name=?
Hibernate: select p1_0.id_permission,p1_0.description,p1_0.name from permission p1_0 where p1_0.name=?
Hibernate: select p1_0.id_permission,p1_0.description,p1_0.name from permission p1_0 where p1_0.name=?
Hibernate: select p1_0.id_permission,p1_0.description,p1_0.name from permission p1_0 where p1_0.name=?
Hibernate: select p1_0.id_permission,p1_0.description,p1_0.name from permission p1_0 where p1_0.name=?
Hibernate: select p1_0.id_permission,p1_0.description,p1_0.name from permission p1_0 where p1_0.name=?
Hibernate: select p1_0.id_permission,p1_0.description,p1_0.name from permission p1_0 where p1_0.name=?
Hibernate: select p1_0.id_permission,p1_0.description,p1_0.name from permission p1_0 where p1_0.name=?
Hibernate: select p1_0.id_permission,p1_0.description,p1_0.name from permission p1_0 where p1_0.name=?
Hibernate: select p1_0.id_permission,p1_0.description,p1_0.name from permission p1_0 where p1_0.name=?
Hibernate: select p1_0.id_permission,p1_0.description,p1_0.name from permission p1_0 where p1_0.name=?
Hibernate: select p1_0.id_permission,p1_0.description,p1_0.name from permission p1_0 where p1_0.name=?
Hibernate: select p1_0.id_permission,p1_0.description,p1_0.name from permission p1_0 where p1_0.name=?
Hibernate: select p1_0.id_permission,p1_0.description,p1_0.name from permission p1_0 where p1_0.name=?
Hibernate: select p1_0.id_permission,p1_0.description,p1_0.name from permission p1_0 where p1_0.name=?
Hibernate: select p1_0.id_permission,p1_0.description,p1_0.name from permission p1_0 where p1_0.name=?
Hibernate: select p1_0.id_permission,p1_0.description,p1_0.name from permission p1_0 where p1_0.name=?
Hibernate: select p1_0.id_permission,p1_0.description,p1_0.name from permission p1_0 where p1_0.name=?
Hibernate: select p1_0.id_permission,p1_0.description,p1_0.name from permission p1_0 where p1_0.name=?
Hibernate: select p1_0.id_permission,p1_0.description,p1_0.name from permission p1_0 where p1_0.name=?
Hibernate: select p1_0.id_permission,p1_0.description,p1_0.name from permission p1_0 where p1_0.name=?
Hibernate: select p1_0.id_permission,p1_0.description,p1_0.name from permission p1_0 where p1_0.name=?
Hibernate: select p1_0.id_permission,p1_0.description,p1_0.name from permission p1_0 where p1_0.name=?
Hibernate: select p1_0.id_permission,p1_0.description,p1_0.name from permission p1_0 where p1_0.name=?
Hibernate: select p1_0.id_permission,p1_0.description,p1_0.name from permission p1_0 where p1_0.name=?
Hibernate: select p1_0.id_permission,p1_0.description,p1_0.name from permission p1_0 where p1_0.name=?
Hibernate: select p1_0.id_permission,p1_0.description,p1_0.name from permission p1_0 where p1_0.name=?
Hibernate: select p1_0.id_permission,p1_0.description,p1_0.name from permission p1_0 where p1_0.name=?
Hibernate: select p1_0.id_permission,p1_0.description,p1_0.name from permission p1_0 where p1_0.name=?
Hibernate: select p1_0.id_permission,p1_0.description,p1_0.name from permission p1_0 where p1_0.name=?
Hibernate: select p1_0.id_permission,p1_0.description,p1_0.name from permission p1_0 where p1_0.name=?
Hibernate: select p1_0.id_permission,p1_0.description,p1_0.name from permission p1_0 where p1_0.name=?
Hibernate: select p1_0.id_permission,p1_0.description,p1_0.name from permission p1_0 where p1_0.name=?
Hibernate: select p1_0.id_permission,p1_0.description,p1_0.name from permission p1_0 where p1_0.name=?
Hibernate: select p1_0.id_permission,p1_0.description,p1_0.name from permission p1_0 where p1_0.name=?
Hibernate: select p1_0.id_permission,p1_0.description,p1_0.name from permission p1_0 where p1_0.name=?
Hibernate: select p1_0.id_permission,p1_0.description,p1_0.name from permission p1_0 where p1_0.name=?
Hibernate: select p1_0.id_permission,p1_0.description,p1_0.name from permission p1_0 where p1_0.name=?
Hibernate: select p1_0.id_permission,p1_0.description,p1_0.name from permission p1_0 where p1_0.name=?
Hibernate: select p1_0.id_permission,p1_0.description,p1_0.name from permission p1_0 where p1_0.name=?
Hibernate: select p1_0.id_permission,p1_0.description,p1_0.name from permission p1_0 where p1_0.name=?
Hibernate: select p1_0.id_permission,p1_0.description,p1_0.name from permission p1_0 where p1_0.name=?
Hibernate: select p1_0.id_permission,p1_0.description,p1_0.name from permission p1_0 where p1_0.name=?
Hibernate: select p1_0.id_permission,p1_0.description,p1_0.name from permission p1_0 where p1_0.name=?
2026-01-29T15:32:34.097+01:00  INFO 264485 --- [smboutique-backend] [           main] c.smboutique.api.config.DataInitializer  : Permissions ensured, created 0 new permissions
2026-01-29T15:32:34.098+01:00  INFO 264485 --- [smboutique-backend] [           main] c.smboutique.api.config.DataInitializer  : Initializing roles...
Hibernate: select count(*) from role r1_0
2026-01-29T15:32:34.143+01:00  INFO 264485 --- [smboutique-backend] [           main] c.smboutique.api.config.DataInitializer  : Roles already exist, skipping initialization
Hibernate: select r1_0.id_role,r1_0.description,r1_0.name from role r1_0 where r1_0.name=?
Hibernate: select p1_0.role_id,p1_1.id_permission,p1_1.description,p1_1.name from role_permissions p1_0 join permission p1_1 on p1_1.id_permission=p1_0.permission_id where p1_0.role_id=?
Hibernate: select p1_0.id_permission,p1_0.description,p1_0.name from permission p1_0
2026-01-29T15:32:34.187+01:00  INFO 264485 --- [smboutique-backend] [           main] c.smboutique.api.config.DataInitializer  : SUPERADMIN role already contains all permissions
Hibernate: select p1_0.id_permission,p1_0.description,p1_0.name from permission p1_0 where p1_0.name=?
Hibernate: select r1_0.id_role,r1_0.description,r1_0.name from role r1_0 where r1_0.name=?
Hibernate: select p1_0.role_id,p1_1.id_permission,p1_1.description,p1_1.name from role_permissions p1_0 join permission p1_1 on p1_1.id_permission=p1_0.permission_id where p1_0.role_id=?
Hibernate: select r1_0.id_role,r1_0.description,r1_0.name from role r1_0 where r1_0.name=?
Hibernate: select p1_0.role_id,p1_1.id_permission,p1_1.description,p1_1.name from role_permissions p1_0 join permission p1_1 on p1_1.id_permission=p1_0.permission_id where p1_0.role_id=?
Hibernate: select p1_0.id_permission,p1_0.description,p1_0.name from permission p1_0 where p1_0.name=?
Hibernate: select r1_0.id_role,r1_0.description,r1_0.name from role r1_0 where r1_0.name=?
Hibernate: select p1_0.role_id,p1_1.id_permission,p1_1.description,p1_1.name from role_permissions p1_0 join permission p1_1 on p1_1.id_permission=p1_0.permission_id where p1_0.role_id=?
Hibernate: select r1_0.id_role,r1_0.description,r1_0.name from role r1_0 where r1_0.name=?
Hibernate: select p1_0.role_id,p1_1.id_permission,p1_1.description,p1_1.name from role_permissions p1_0 join permission p1_1 on p1_1.id_permission=p1_0.permission_id where p1_0.role_id=?
Hibernate: select p1_0.id_permission,p1_0.description,p1_0.name from permission p1_0 where p1_0.name=?
Hibernate: select r1_0.id_role,r1_0.description,r1_0.name from role r1_0 where r1_0.name=?
Hibernate: select p1_0.role_id,p1_1.id_permission,p1_1.description,p1_1.name from role_permissions p1_0 join permission p1_1 on p1_1.id_permission=p1_0.permission_id where p1_0.role_id=?
2026-01-29T15:32:34.239+01:00  INFO 264485 --- [smboutique-backend] [           main] c.smboutique.api.config.DataInitializer  : Initializing pays...
Hibernate: select count(*) from pays p1_0
2026-01-29T15:32:34.242+01:00  INFO 264485 --- [smboutique-backend] [           main] c.smboutique.api.config.DataInitializer  : Pays already seeded, skipping
Hibernate: select count(*) from boutique b1_0
Hibernate: select p1_0.id_pays,p1_0.code_iso,p1_0.devise_code,p1_0.devise_symbole,p1_0.drapeau,p1_0.indicatif,p1_0.nom from pays p1_0 where p1_0.code_iso=?
Hibernate: select p1_0.id_pays,p1_0.code_iso,p1_0.devise_code,p1_0.devise_symbole,p1_0.drapeau,p1_0.indicatif,p1_0.nom from pays p1_0 where p1_0.code_iso=?
Hibernate: select b1_0.id_boutique,b1_0.adresse,b1_0.indicatif,b1_0.logo,b1_0.nom,b1_0.id_pays,b1_0.quartier,b1_0.telephone_local from boutique b1_0
Hibernate: select p1_0.id_pays,p1_0.code_iso,p1_0.devise_code,p1_0.devise_symbole,p1_0.drapeau,p1_0.indicatif,p1_0.nom from pays p1_0 where p1_0.id_pays=?
2026-01-29T15:32:34.273+01:00  INFO 264485 --- [smboutique-backend] [           main] c.smboutique.api.config.DataInitializer  : Boutique already exists, skipping initialization
2026-01-29T15:32:34.274+01:00  INFO 264485 --- [smboutique-backend] [           main] c.smboutique.api.config.DataInitializer  : Initializing superadmin...
Hibernate: select p1_0.id_permission,p1_0.description,p1_0.name from permission p1_0
Hibernate: select u1_0.id_utilisateur,u1_0.adresse,u1_0.avatar,u1_0.boutique_id,u1_0.contact_utilisateur,u1_0.email,u1_0.last_login_at,u1_0.last_seen_at,u1_0.mot_de_passe_utilisateur,u1_0.nom_utilisateur,u1_0.prenom_utilisateur,u1_0.psedeau_utilisateur,u1_0.reset_token,u1_0.reset_token_expire,u1_0.statut,u1_0.type_utilisateur from utilisateur u1_0 where upper(u1_0.email)=upper(?)
Hibernate: select r1_0.utilisateur_id,r1_1.id_role,r1_1.description,r1_1.name,p1_0.role_id,p1_1.id_permission,p1_1.description,p1_1.name from utilisateur_roles r1_0 join role r1_1 on r1_1.id_role=r1_0.role_id left join role_permissions p1_0 on r1_1.id_role=p1_0.role_id left join permission p1_1 on p1_1.id_permission=p1_0.permission_id where r1_0.utilisateur_id=?
Hibernate: select p1_0.utilisateur_id,p1_1.id_permission,p1_1.description,p1_1.name from utilisateur_permissions p1_0 join permission p1_1 on p1_1.id_permission=p1_0.permission_id where p1_0.utilisateur_id=?
2026-01-29T15:32:34.313+01:00  INFO 264485 --- [smboutique-backend] [           main] c.smboutique.api.config.DataInitializer  : Superadmin already exists, ensuring user has all permissions
Hibernate: select u1_0.id_utilisateur,u1_0.adresse,u1_0.avatar,u1_0.boutique_id,u1_0.contact_utilisateur,u1_0.email,u1_0.last_login_at,u1_0.last_seen_at,u1_0.mot_de_passe_utilisateur,u1_0.nom_utilisateur,u1_0.prenom_utilisateur,u1_0.psedeau_utilisateur,u1_0.reset_token,u1_0.reset_token_expire,u1_0.statut,u1_0.type_utilisateur from utilisateur u1_0 where upper(u1_0.email)=upper(?)
Hibernate: select r1_0.utilisateur_id,r1_1.id_role,r1_1.description,r1_1.name,p1_0.role_id,p1_1.id_permission,p1_1.description,p1_1.name from utilisateur_roles r1_0 join role r1_1 on r1_1.id_role=r1_0.role_id left join role_permissions p1_0 on r1_1.id_role=p1_0.role_id left join permission p1_1 on p1_1.id_permission=p1_0.permission_id where r1_0.utilisateur_id=?
Hibernate: select p1_0.utilisateur_id,p1_1.id_permission,p1_1.description,p1_1.name from utilisateur_permissions p1_0 join permission p1_1 on p1_1.id_permission=p1_0.permission_id where p1_0.utilisateur_id=?
2026-01-29T15:32:34.330+01:00  INFO 264485 --- [smboutique-backend] [           main] c.smboutique.api.config.DataInitializer  : Superadmin user already has all permissions
Hibernate: select count(*) from vente v1_0
Hibernate: select b1_0.id_boutique,b1_0.adresse,b1_0.indicatif,b1_0.logo,b1_0.nom,b1_0.id_pays,b1_0.quartier,b1_0.telephone_local from boutique b1_0
Hibernate: select p1_0.id_pays,p1_0.code_iso,p1_0.devise_code,p1_0.devise_symbole,p1_0.drapeau,p1_0.indicatif,p1_0.nom from pays p1_0 where p1_0.id_pays=?
Hibernate: select v1_0.id_vente,v1_0.id_boutique,v1_0.date_vente,v1_0.monnaie_rembourse,v1_0.montant_recu,v1_0.montant_total,v1_0.net_a_payer,v1_0.nom_client,v1_0.reference_caisse,v1_0.remise,v1_0.id_utilisateur from vente v1_0
Hibernate: select b1_0.id_boutique,b1_0.adresse,b1_0.indicatif,b1_0.logo,b1_0.nom,p1_0.id_pays,p1_0.code_iso,p1_0.devise_code,p1_0.devise_symbole,p1_0.drapeau,p1_0.indicatif,p1_0.nom,b1_0.quartier,b1_0.telephone_local from boutique b1_0 left join pays p1_0 on p1_0.id_pays=b1_0.id_pays where b1_0.id_boutique=?
Hibernate: select u1_0.id_utilisateur,u1_0.adresse,u1_0.avatar,u1_0.boutique_id,u1_0.contact_utilisateur,u1_0.email,u1_0.last_login_at,u1_0.last_seen_at,u1_0.mot_de_passe_utilisateur,u1_0.nom_utilisateur,p1_0.utilisateur_id,p1_1.id_permission,p1_1.description,p1_1.name,u1_0.prenom_utilisateur,u1_0.psedeau_utilisateur,u1_0.reset_token,u1_0.reset_token_expire,r1_0.utilisateur_id,r1_1.id_role,r1_1.description,r1_1.name,p2_0.role_id,p2_1.id_permission,p2_1.description,p2_1.name,u1_0.statut,u1_0.type_utilisateur from utilisateur u1_0 left join utilisateur_permissions p1_0 on u1_0.id_utilisateur=p1_0.utilisateur_id left join permission p1_1 on p1_1.id_permission=p1_0.permission_id left join utilisateur_roles r1_0 on u1_0.id_utilisateur=r1_0.utilisateur_id left join role r1_1 on r1_1.id_role=r1_0.role_id left join role_permissions p2_0 on r1_1.id_role=p2_0.role_id left join permission p2_1 on p2_1.id_permission=p2_0.permission_id where u1_0.id_utilisateur=?
2026-01-29T15:32:34.466+01:00  INFO 264485 --- [smboutique-backend] [           main] c.smboutique.api.config.DataInitializer  : Backfilled 0 ventes with default boutique (id=1).
2026-01-29T15:32:34.466+01:00  INFO 264485 --- [smboutique-backend] [           main] c.smboutique.api.config.DataInitializer  : Seeding pays assignments done.
2026-01-29T15:32:34.466+01:00  INFO 264485 --- [smboutique-backend] [           main] c.smboutique.api.config.DataInitializer  : Data initialization completed.
Hibernate: select count(*) from pays p1_0
2026-01-29T15:32:42.474+01:00  INFO 264485 --- [smboutique-backend] [nio-8085-exec-1] o.a.c.c.C.[Tomcat].[localhost].[/]       : Initializing Spring DispatcherServlet 'dispatcherServlet'
2026-01-29T15:32:42.474+01:00  INFO 264485 --- [smboutique-backend] [nio-8085-exec-1] o.s.web.servlet.DispatcherServlet        : Initializing Servlet 'dispatcherServlet'
2026-01-29T15:32:42.476+01:00  INFO 264485 --- [smboutique-backend] [nio-8085-exec-1] o.s.web.servlet.DispatcherServlet        : Completed initialization in 2 ms
2026-01-29T15:32:42.536+01:00  INFO 264485 --- [smboutique-backend] [nio-8085-exec-2] c.s.api.security.AuthTokenFilter         : Incoming request: GET /api/notifications - Authorization present? true - startsWithBearer? true
Hibernate: select u1_0.id_utilisateur,u1_0.adresse,u1_0.avatar,u1_0.boutique_id,u1_0.contact_utilisateur,u1_0.email,u1_0.last_login_at,u1_0.last_seen_at,u1_0.mot_de_passe_utilisateur,u1_0.nom_utilisateur,u1_0.prenom_utilisateur,u1_0.psedeau_utilisateur,u1_0.reset_token,u1_0.reset_token_expire,u1_0.statut,u1_0.type_utilisateur from utilisateur u1_0 where upper(u1_0.email)=upper(?)
Hibernate: select r1_0.utilisateur_id,r1_1.id_role,r1_1.description,r1_1.name,p1_0.role_id,p1_1.id_permission,p1_1.description,p1_1.name from utilisateur_roles r1_0 join role r1_1 on r1_1.id_role=r1_0.role_id left join role_permissions p1_0 on r1_1.id_role=p1_0.role_id left join permission p1_1 on p1_1.id_permission=p1_0.permission_id where r1_0.utilisateur_id=?
Hibernate: select p1_0.utilisateur_id,p1_1.id_permission,p1_1.description,p1_1.name from utilisateur_permissions p1_0 join permission p1_1 on p1_1.id_permission=p1_0.permission_id where p1_0.utilisateur_id=?
2026-01-29T15:32:42.664+01:00  INFO 264485 --- [smboutique-backend] [nio-8085-exec-2] c.s.api.security.AuthTokenFilter         : Authenticated request GET /api/notifications - user=bocoum@gmail.com - tokenStartsWith=eyJhbGciOi...
2026-01-29T15:32:42.686+01:00  INFO 264485 --- [smboutique-backend] [nio-8085-exec-2] c.s.api.security.AuthTokenFilter         : Incoming request: GET /api/notifications - Authorization present? true - startsWithBearer? true
Hibernate: select u1_0.id_utilisateur,u1_0.adresse,u1_0.avatar,u1_0.boutique_id,u1_0.contact_utilisateur,u1_0.email,u1_0.last_login_at,u1_0.last_seen_at,u1_0.mot_de_passe_utilisateur,u1_0.nom_utilisateur,u1_0.prenom_utilisateur,u1_0.psedeau_utilisateur,u1_0.reset_token,u1_0.reset_token_expire,u1_0.statut,u1_0.type_utilisateur from utilisateur u1_0 where upper(u1_0.email)=upper(?)
Hibernate: select r1_0.utilisateur_id,r1_1.id_role,r1_1.description,r1_1.name,p1_0.role_id,p1_1.id_permission,p1_1.description,p1_1.name from utilisateur_roles r1_0 join role r1_1 on r1_1.id_role=r1_0.role_id left join role_permissions p1_0 on r1_1.id_role=p1_0.role_id left join permission p1_1 on p1_1.id_permission=p1_0.permission_id where r1_0.utilisateur_id=?
Hibernate: select p1_0.utilisateur_id,p1_1.id_permission,p1_1.description,p1_1.name from utilisateur_permissions p1_0 join permission p1_1 on p1_1.id_permission=p1_0.permission_id where p1_0.utilisateur_id=?
2026-01-29T15:32:42.705+01:00  INFO 264485 --- [smboutique-backend] [nio-8085-exec-2] c.s.api.security.AuthTokenFilter         : Authenticated request GET /api/notifications - user=bocoum@gmail.com - tokenStartsWith=eyJhbGciOi...
Hibernate: select u1_0.id_utilisateur,u1_0.adresse,u1_0.avatar,u1_0.boutique_id,u1_0.contact_utilisateur,u1_0.email,u1_0.last_login_at,u1_0.last_seen_at,u1_0.mot_de_passe_utilisateur,u1_0.nom_utilisateur,u1_0.prenom_utilisateur,u1_0.psedeau_utilisateur,u1_0.reset_token,u1_0.reset_token_expire,u1_0.statut,u1_0.type_utilisateur from utilisateur u1_0 where upper(u1_0.email)=upper(?)
Hibernate: select r1_0.utilisateur_id,r1_1.id_role,r1_1.description,r1_1.name,p1_0.role_id,p1_1.id_permission,p1_1.description,p1_1.name from utilisateur_roles r1_0 join role r1_1 on r1_1.id_role=r1_0.role_id left join role_permissions p1_0 on r1_1.id_role=p1_0.role_id left join permission p1_1 on p1_1.id_permission=p1_0.permission_id where r1_0.utilisateur_id=?
Hibernate: select p1_0.utilisateur_id,p1_1.id_permission,p1_1.description,p1_1.name from utilisateur_permissions p1_0 join permission p1_1 on p1_1.id_permission=p1_0.permission_id where p1_0.utilisateur_id=?
Hibernate: select n1_0.id_notification,n1_0.boutique_id,n1_0.created_at,n1_0.payload,n1_0.is_read,n1_0.type,n1_0.user_id from notification n1_0 where n1_0.user_id=? and not(n1_0.is_read) order by n1_0.created_at desc
2026-01-29T15:32:43.695+01:00  INFO 264485 --- [smboutique-backend] [nio-8085-exec-3] c.s.api.security.AuthTokenFilter         : Incoming request: GET /api/commandes-fournisseurs/1/pdf - Authorization present? false - startsWithBearer? false
2026-01-29T15:32:43.698+01:00  INFO 264485 --- [smboutique-backend] [nio-8085-exec-3] c.s.api.security.AuthTokenFilter         : Incoming request: GET /api/commandes-fournisseurs/1/pdf - Authorization present? false - startsWithBearer? false
2026-01-29T15:32:43.734+01:00  INFO 264485 --- [smboutique-backend] [nio-8085-exec-3] c.s.a.c.CommandeFournisseurController    : getCommandePdf called for id=1
2026-01-29T15:32:43.735+01:00  INFO 264485 --- [smboutique-backend] [nio-8085-exec-3] c.s.a.c.CommandeFournisseurController    : getCommandePdf called for id=1 by user=anonymousUser
2026-01-29T15:32:43.736+01:00  INFO 264485 --- [smboutique-backend] [nio-8085-exec-3] c.s.api.service.impl.PdfServiceImpl      : writeCommandePdf start for id=1 by anonymousUser
Hibernate: select cf1_0.id_commande_fournisseur,b1_0.id_boutique,b1_0.adresse,b1_0.indicatif,b1_0.logo,b1_0.nom,p1_0.id_pays,p1_0.code_iso,p1_0.devise_code,p1_0.devise_symbole,p1_0.drapeau,p1_0.indicatif,p1_0.nom,b1_0.quartier,b1_0.telephone_local,cf1_0.date_de_commande,f1_0.id_fournisseur,f1_0.id_boutique,f1_0.contact_fournisseur,f1_0.nom_fournisseur,f1_0.prenom_fournisseur,f1_0.ville_fournisseur,cf1_0.paie,cf1_0.reference,cf1_0.total,u1_0.id_utilisateur,u1_0.adresse,u1_0.avatar,u1_0.boutique_id,u1_0.contact_utilisateur,u1_0.email,u1_0.last_login_at,u1_0.last_seen_at,u1_0.mot_de_passe_utilisateur,u1_0.nom_utilisateur,p2_0.utilisateur_id,p2_1.id_permission,p2_1.description,p2_1.name,u1_0.prenom_utilisateur,u1_0.psedeau_utilisateur,u1_0.reset_token,u1_0.reset_token_expire,r1_0.utilisateur_id,r1_1.id_role,r1_1.description,r1_1.name,p3_0.role_id,p3_1.id_permission,p3_1.description,p3_1.name,u1_0.statut,u1_0.type_utilisateur from commande_fournisseur cf1_0 left join boutique b1_0 on b1_0.id_boutique=cf1_0.id_boutique left join pays p1_0 on p1_0.id_pays=b1_0.id_pays left join fournisseur f1_0 on f1_0.id_fournisseur=cf1_0.id_fournisseur left join utilisateur u1_0 on u1_0.id_utilisateur=cf1_0.id_utilisateur left join utilisateur_permissions p2_0 on u1_0.id_utilisateur=p2_0.utilisateur_id left join permission p2_1 on p2_1.id_permission=p2_0.permission_id left join utilisateur_roles r1_0 on u1_0.id_utilisateur=r1_0.utilisateur_id left join role r1_1 on r1_1.id_role=r1_0.role_id left join role_permissions p3_0 on r1_1.id_role=p3_0.role_id left join permission p3_1 on p3_1.id_permission=p3_0.permission_id where cf1_0.id_commande_fournisseur=?
Hibernate: select l1_0.id_commande_fournisseur,l1_0.id_ligne,l1_0.new_price_cmnd_four,l1_0.quantite,l1_0.quantite_conditionnement,l1_0.qte_livre,s1_0.id_stock,b1_0.id_boutique,b1_0.adresse,b1_0.indicatif,b1_0.logo,b1_0.nom,p1_0.id_pays,p1_0.code_iso,p1_0.devise_code,p1_0.devise_symbole,p1_0.drapeau,p1_0.indicatif,p1_0.nom,b1_0.quartier,b1_0.telephone_local,s1_0.cost_average,s1_0.last_purchase_price,m1_0.id_magasin,m1_0.adresse,b2_0.id_boutique,b2_0.adresse,b2_0.indicatif,b2_0.logo,b2_0.nom,p2_0.id_pays,p2_0.code_iso,p2_0.devise_code,p2_0.devise_symbole,p2_0.drapeau,p2_0.indicatif,p2_0.nom,b2_0.quartier,b2_0.telephone_local,m1_0.nom,m1_0.type_magasin,p3_0.id_produit,p3_0.alerte_stock,p3_0.caracteristique,p3_0.date_creation,p3_0.marge_detail,p3_0.marge_gros,p3_0.nom_produit,p3_0.nombre_unites_par_conditionnement,p3_0.prix_achat,p3_0.prix_detail,p3_0.prix_en_gros,p3_0.product_image,u1_0.id_unite,u1_0.id_boutique,u1_0.code,u1_0.libelle,u1_0.symbole,p3_0.unite_conditionnement,s1_0.quantite_disponible from ligne_commande l1_0 left join stock s1_0 on s1_0.id_stock=l1_0.id_stock left join boutique b1_0 on b1_0.id_boutique=s1_0.id_boutique left join pays p1_0 on p1_0.id_pays=b1_0.id_pays left join magasin m1_0 on m1_0.id_magasin=s1_0.id_magasin left join boutique b2_0 on b2_0.id_boutique=m1_0.id_boutique left join pays p2_0 on p2_0.id_pays=b2_0.id_pays left join tbl_product p3_0 on p3_0.id_produit=s1_0.id_produit left join unite u1_0 on u1_0.id_unite=p3_0.id_unite where l1_0.id_commande_fournisseur=?
2026-01-29T15:32:44.039+01:00 ERROR 264485 --- [smboutique-backend] [nio-8085-exec-3] o.a.c.c.C.[.[.[/].[dispatcherServlet]    : Servlet.service() for servlet [dispatcherServlet] in context with path [] threw exception [Handler dispatch failed: java.lang.NoClassDefFoundError: ognl/ClassResolver] with root cause

java.lang.ClassNotFoundException: ognl.ClassResolver
	at java.base/java.net.URLClassLoader.findClass(URLClassLoader.java:445) ~[na:na]
	at java.base/java.lang.ClassLoader.loadClass(ClassLoader.java:593) ~[na:na]
	at org.springframework.boot.loader.net.protocol.jar.JarUrlClassLoader.loadClass(JarUrlClassLoader.java:107) ~[backend-0.0.1-SNAPSHOT.jar:0.0.1-SNAPSHOT]
	at org.springframework.boot.loader.launch.LaunchedClassLoader.loadClass(LaunchedClassLoader.java:91) ~[backend-0.0.1-SNAPSHOT.jar:0.0.1-SNAPSHOT]
	at java.base/java.lang.ClassLoader.loadClass(ClassLoader.java:526) ~[na:na]
	at org.thymeleaf.standard.StandardDialect.getVariableExpressionEvaluator(StandardDialect.java:178) ~[thymeleaf-3.1.3.RELEASE.jar!/:3.1.3.RELEASE]
	at org.thymeleaf.standard.StandardDialect.getExecutionAttributes(StandardDialect.java:392) ~[thymeleaf-3.1.3.RELEASE.jar!/:3.1.3.RELEASE]
	at org.thymeleaf.DialectSetConfiguration.build(DialectSetConfiguration.java:263) ~[thymeleaf-3.1.3.RELEASE.jar!/:3.1.3.RELEASE]
	at org.thymeleaf.EngineConfiguration.<init>(EngineConfiguration.java:123) ~[thymeleaf-3.1.3.RELEASE.jar!/:3.1.3.RELEASE]
	at org.thymeleaf.TemplateEngine.initialize(TemplateEngine.java:341) ~[thymeleaf-3.1.3.RELEASE.jar!/:3.1.3.RELEASE]
	at org.thymeleaf.TemplateEngine.process(TemplateEngine.java:1084) ~[thymeleaf-3.1.3.RELEASE.jar!/:3.1.3.RELEASE]
	at org.thymeleaf.TemplateEngine.process(TemplateEngine.java:1064) ~[thymeleaf-3.1.3.RELEASE.jar!/:3.1.3.RELEASE]
	at org.thymeleaf.TemplateEngine.process(TemplateEngine.java:1053) ~[thymeleaf-3.1.3.RELEASE.jar!/:3.1.3.RELEASE]
	at com.smboutique.api.service.impl.PdfServiceImpl.writeCommandePdf(PdfServiceImpl.java:246) ~[!/:0.0.1-SNAPSHOT]
	at com.smboutique.api.controller.CommandeFournisseurController.getCommandePdf(CommandeFournisseurController.java:204) ~[!/:0.0.1-SNAPSHOT]
	at java.base/jdk.internal.reflect.DirectMethodHandleAccessor.invoke(DirectMethodHandleAccessor.java:103) ~[na:na]
	at java.base/java.lang.reflect.Method.invoke(Method.java:580) ~[na:na]
	at org.springframework.web.method.support.InvocableHandlerMethod.doInvoke(InvocableHandlerMethod.java:258) ~[spring-web-6.2.7.jar!/:6.2.7]
	at org.springframework.web.method.support.InvocableHandlerMethod.invokeForRequest(InvocableHandlerMethod.java:191) ~[spring-web-6.2.7.jar!/:6.2.7]
	at org.springframework.web.servlet.mvc.method.annotation.ServletInvocableHandlerMethod.invokeAndHandle(ServletInvocableHandlerMethod.java:118) ~[spring-webmvc-6.2.7.jar!/:6.2.7]
	at org.springframework.web.servlet.mvc.method.annotation.RequestMappingHandlerAdapter.invokeHandlerMethod(RequestMappingHandlerAdapter.java:986) ~[spring-webmvc-6.2.7.jar!/:6.2.7]
	at org.springframework.web.servlet.mvc.method.annotation.RequestMappingHandlerAdapter.handleInternal(RequestMappingHandlerAdapter.java:891) ~[spring-webmvc-6.2.7.jar!/:6.2.7]
	at org.springframework.web.servlet.mvc.method.AbstractHandlerMethodAdapter.handle(AbstractHandlerMethodAdapter.java:87) ~[spring-webmvc-6.2.7.jar!/:6.2.7]
	at org.springframework.web.servlet.DispatcherServlet.doDispatch(DispatcherServlet.java:1089) ~[spring-webmvc-6.2.7.jar!/:6.2.7]
	at org.springframework.web.servlet.DispatcherServlet.doService(DispatcherServlet.java:979) ~[spring-webmvc-6.2.7.jar!/:6.2.7]
	at org.springframework.web.servlet.FrameworkServlet.processRequest(FrameworkServlet.java:1014) ~[spring-webmvc-6.2.7.jar!/:6.2.7]
	at org.springframework.web.servlet.FrameworkServlet.doGet(FrameworkServlet.java:903) ~[spring-webmvc-6.2.7.jar!/:6.2.7]
	at jakarta.servlet.http.HttpServlet.service(HttpServlet.java:564) ~[tomcat-embed-core-10.1.41.jar!/:6.0.0]
	at org.springframework.web.servlet.FrameworkServlet.service(FrameworkServlet.java:885) ~[spring-webmvc-6.2.7.jar!/:6.2.7]
	at jakarta.servlet.http.HttpServlet.service(HttpServlet.java:658) ~[tomcat-embed-core-10.1.41.jar!/:6.0.0]
	at org.apache.catalina.core.ApplicationFilterChain.internalDoFilter(ApplicationFilterChain.java:195) ~[tomcat-embed-core-10.1.41.jar!/:na]
	at org.apache.catalina.core.ApplicationFilterChain.doFilter(ApplicationFilterChain.java:140) ~[tomcat-embed-core-10.1.41.jar!/:na]
	at org.apache.tomcat.websocket.server.WsFilter.doFilter(WsFilter.java:51) ~[tomcat-embed-websocket-10.1.41.jar!/:na]
	at org.apache.catalina.core.ApplicationFilterChain.internalDoFilter(ApplicationFilterChain.java:164) ~[tomcat-embed-core-10.1.41.jar!/:na]
	at org.apache.catalina.core.ApplicationFilterChain.doFilter(ApplicationFilterChain.java:140) ~[tomcat-embed-core-10.1.41.jar!/:na]
	at org.springframework.web.filter.OncePerRequestFilter.doFilter(OncePerRequestFilter.java:110) ~[spring-web-6.2.7.jar!/:6.2.7]
	at org.apache.catalina.core.ApplicationFilterChain.internalDoFilter(ApplicationFilterChain.java:164) ~[tomcat-embed-core-10.1.41.jar!/:na]
	at org.apache.catalina.core.ApplicationFilterChain.doFilter(ApplicationFilterChain.java:140) ~[tomcat-embed-core-10.1.41.jar!/:na]
	at com.smboutique.api.security.AuthTokenFilter.doFilterInternal(AuthTokenFilter.java:93) ~[!/:0.0.1-SNAPSHOT]
	at org.springframework.web.filter.OncePerRequestFilter.doFilter(OncePerRequestFilter.java:116) ~[spring-web-6.2.7.jar!/:6.2.7]
	at org.apache.catalina.core.ApplicationFilterChain.internalDoFilter(ApplicationFilterChain.java:164) ~[tomcat-embed-core-10.1.41.jar!/:na]
	at org.apache.catalina.core.ApplicationFilterChain.doFilter(ApplicationFilterChain.java:140) ~[tomcat-embed-core-10.1.41.jar!/:na]
	at org.springframework.web.filter.CompositeFilter$VirtualFilterChain.doFilter(CompositeFilter.java:108) ~[spring-web-6.2.7.jar!/:6.2.7]
	at org.springframework.web.filter.CompositeFilter$VirtualFilterChain.doFilter(CompositeFilter.java:108) ~[spring-web-6.2.7.jar!/:6.2.7]
	at org.springframework.security.web.FilterChainProxy.lambda$doFilterInternal$3(FilterChainProxy.java:231) ~[spring-security-web-6.5.0.jar!/:6.5.0]
	at org.springframework.security.web.FilterChainProxy$VirtualFilterChain.doFilter(FilterChainProxy.java:365) ~[spring-security-web-6.5.0.jar!/:6.5.0]
	at org.springframework.security.web.access.intercept.AuthorizationFilter.doFilter(AuthorizationFilter.java:101) ~[spring-security-web-6.5.0.jar!/:6.5.0]
	at org.springframework.security.web.FilterChainProxy$VirtualFilterChain.doFilter(FilterChainProxy.java:374) ~[spring-security-web-6.5.0.jar!/:6.5.0]
	at org.springframework.security.web.access.ExceptionTranslationFilter.doFilter(ExceptionTranslationFilter.java:125) ~[spring-security-web-6.5.0.jar!/:6.5.0]
	at org.springframework.security.web.access.ExceptionTranslationFilter.doFilter(ExceptionTranslationFilter.java:119) ~[spring-security-web-6.5.0.jar!/:6.5.0]
	at org.springframework.security.web.FilterChainProxy$VirtualFilterChain.doFilter(FilterChainProxy.java:374) ~[spring-security-web-6.5.0.jar!/:6.5.0]
	at org.springframework.security.web.session.SessionManagementFilter.doFilter(SessionManagementFilter.java:131) ~[spring-security-web-6.5.0.jar!/:6.5.0]
	at org.springframework.security.web.session.SessionManagementFilter.doFilter(SessionManagementFilter.java:85) ~[spring-security-web-6.5.0.jar!/:6.5.0]
	at org.springframework.security.web.FilterChainProxy$VirtualFilterChain.doFilter(FilterChainProxy.java:374) ~[spring-security-web-6.5.0.jar!/:6.5.0]
	at org.springframework.security.web.authentication.AnonymousAuthenticationFilter.doFilter(AnonymousAuthenticationFilter.java:100) ~[spring-security-web-6.5.0.jar!/:6.5.0]
	at org.springframework.security.web.FilterChainProxy$VirtualFilterChain.doFilter(FilterChainProxy.java:374) ~[spring-security-web-6.5.0.jar!/:6.5.0]
	at org.springframework.security.web.servletapi.SecurityContextHolderAwareRequestFilter.doFilter(SecurityContextHolderAwareRequestFilter.java:179) ~[spring-security-web-6.5.0.jar!/:6.5.0]
	at org.springframework.security.web.FilterChainProxy$VirtualFilterChain.doFilter(FilterChainProxy.java:374) ~[spring-security-web-6.5.0.jar!/:6.5.0]
	at org.springframework.security.web.savedrequest.RequestCacheAwareFilter.doFilter(RequestCacheAwareFilter.java:63) ~[spring-security-web-6.5.0.jar!/:6.5.0]
	at org.springframework.security.web.FilterChainProxy$VirtualFilterChain.doFilter(FilterChainProxy.java:374) ~[spring-security-web-6.5.0.jar!/:6.5.0]
	at com.smboutique.api.security.AuthTokenFilter.doFilterInternal(AuthTokenFilter.java:93) ~[!/:0.0.1-SNAPSHOT]
	at org.springframework.web.filter.OncePerRequestFilter.doFilter(OncePerRequestFilter.java:116) ~[spring-web-6.2.7.jar!/:6.2.7]
	at org.springframework.security.web.FilterChainProxy$VirtualFilterChain.doFilter(FilterChainProxy.java:374) ~[spring-security-web-6.5.0.jar!/:6.5.0]
	at org.springframework.security.web.authentication.logout.LogoutFilter.doFilter(LogoutFilter.java:107) ~[spring-security-web-6.5.0.jar!/:6.5.0]
	at org.springframework.security.web.authentication.logout.LogoutFilter.doFilter(LogoutFilter.java:93) ~[spring-security-web-6.5.0.jar!/:6.5.0]
	at org.springframework.security.web.FilterChainProxy$VirtualFilterChain.doFilter(FilterChainProxy.java:374) ~[spring-security-web-6.5.0.jar!/:6.5.0]
	at org.springframework.web.filter.CorsFilter.doFilterInternal(CorsFilter.java:91) ~[spring-web-6.2.7.jar!/:6.2.7]
	at org.springframework.web.filter.OncePerRequestFilter.doFilter(OncePerRequestFilter.java:116) ~[spring-web-6.2.7.jar!/:6.2.7]
	at org.springframework.security.web.FilterChainProxy$VirtualFilterChain.doFilter(FilterChainProxy.java:374) ~[spring-security-web-6.5.0.jar!/:6.5.0]
	at org.springframework.security.web.header.HeaderWriterFilter.doHeadersAfter(HeaderWriterFilter.java:90) ~[spring-security-web-6.5.0.jar!/:6.5.0]
	at org.springframework.security.web.header.HeaderWriterFilter.doFilterInternal(HeaderWriterFilter.java:75) ~[spring-security-web-6.5.0.jar!/:6.5.0]
	at org.springframework.web.filter.OncePerRequestFilter.doFilter(OncePerRequestFilter.java:116) ~[spring-web-6.2.7.jar!/:6.2.7]
	at org.springframework.security.web.FilterChainProxy$VirtualFilterChain.doFilter(FilterChainProxy.java:374) ~[spring-security-web-6.5.0.jar!/:6.5.0]
	at org.springframework.security.web.context.SecurityContextHolderFilter.doFilter(SecurityContextHolderFilter.java:82) ~[spring-security-web-6.5.0.jar!/:6.5.0]
	at org.springframework.security.web.context.SecurityContextHolderFilter.doFilter(SecurityContextHolderFilter.java:69) ~[spring-security-web-6.5.0.jar!/:6.5.0]
	at org.springframework.security.web.FilterChainProxy$VirtualFilterChain.doFilter(FilterChainProxy.java:374) ~[spring-security-web-6.5.0.jar!/:6.5.0]
	at org.springframework.security.web.context.request.async.WebAsyncManagerIntegrationFilter.doFilterInternal(WebAsyncManagerIntegrationFilter.java:62) ~[spring-security-web-6.5.0.jar!/:6.5.0]
	at org.springframework.web.filter.OncePerRequestFilter.doFilter(OncePerRequestFilter.java:116) ~[spring-web-6.2.7.jar!/:6.2.7]
	at org.springframework.security.web.FilterChainProxy$VirtualFilterChain.doFilter(FilterChainProxy.java:374) ~[spring-security-web-6.5.0.jar!/:6.5.0]
	at org.springframework.security.web.session.DisableEncodeUrlFilter.doFilterInternal(DisableEncodeUrlFilter.java:42) ~[spring-security-web-6.5.0.jar!/:6.5.0]
	at org.springframework.web.filter.OncePerRequestFilter.doFilter(OncePerRequestFilter.java:116) ~[spring-web-6.2.7.jar!/:6.2.7]
	at org.springframework.security.web.FilterChainProxy$VirtualFilterChain.doFilter(FilterChainProxy.java:374) ~[spring-security-web-6.5.0.jar!/:6.5.0]
	at org.springframework.security.web.FilterChainProxy.doFilterInternal(FilterChainProxy.java:233) ~[spring-security-web-6.5.0.jar!/:6.5.0]
	at org.springframework.security.web.FilterChainProxy.doFilter(FilterChainProxy.java:191) ~[spring-security-web-6.5.0.jar!/:6.5.0]
	at org.springframework.web.filter.CompositeFilter$VirtualFilterChain.doFilter(CompositeFilter.java:113) ~[spring-web-6.2.7.jar!/:6.2.7]
	at org.springframework.web.filter.ServletRequestPathFilter.doFilter(ServletRequestPathFilter.java:52) ~[spring-web-6.2.7.jar!/:6.2.7]
	at org.springframework.web.filter.CompositeFilter$VirtualFilterChain.doFilter(CompositeFilter.java:113) ~[spring-web-6.2.7.jar!/:6.2.7]
	at org.springframework.web.filter.CompositeFilter.doFilter(CompositeFilter.java:74) ~[spring-web-6.2.7.jar!/:6.2.7]
	at org.springframework.security.config.annotation.web.configuration.WebSecurityConfiguration$CompositeFilterChainProxy.doFilter(WebSecurityConfiguration.java:319) ~[spring-security-config-6.5.0.jar!/:6.5.0]
	at org.springframework.web.filter.CompositeFilter$VirtualFilterChain.doFilter(CompositeFilter.java:113) ~[spring-web-6.2.7.jar!/:6.2.7]
	at org.springframework.web.servlet.handler.HandlerMappingIntrospector.lambda$createCacheFilter$3(HandlerMappingIntrospector.java:243) ~[spring-webmvc-6.2.7.jar!/:6.2.7]
	at org.springframework.web.filter.CompositeFilter$VirtualFilterChain.doFilter(CompositeFilter.java:113) ~[spring-web-6.2.7.jar!/:6.2.7]
	at org.springframework.web.filter.CompositeFilter.doFilter(CompositeFilter.java:74) ~[spring-web-6.2.7.jar!/:6.2.7]
	at org.springframework.security.config.annotation.web.configuration.WebMvcSecurityConfiguration$CompositeFilterChainProxy.doFilter(WebMvcSecurityConfiguration.java:240) ~[spring-security-config-6.5.0.jar!/:6.5.0]
	at org.springframework.web.filter.DelegatingFilterProxy.invokeDelegate(DelegatingFilterProxy.java:362) ~[spring-web-6.2.7.jar!/:6.2.7]
	at org.springframework.web.filter.DelegatingFilterProxy.doFilter(DelegatingFilterProxy.java:278) ~[spring-web-6.2.7.jar!/:6.2.7]
	at org.apache.catalina.core.ApplicationFilterChain.internalDoFilter(ApplicationFilterChain.java:164) ~[tomcat-embed-core-10.1.41.jar!/:na]
	at org.apache.catalina.core.ApplicationFilterChain.doFilter(ApplicationFilterChain.java:140) ~[tomcat-embed-core-10.1.41.jar!/:na]
	at org.springframework.web.filter.RequestContextFilter.doFilterInternal(RequestContextFilter.java:100) ~[spring-web-6.2.7.jar!/:6.2.7]
	at org.springframework.web.filter.OncePerRequestFilter.doFilter(OncePerRequestFilter.java:116) ~[spring-web-6.2.7.jar!/:6.2.7]
	at org.apache.catalina.core.ApplicationFilterChain.internalDoFilter(ApplicationFilterChain.java:164) ~[tomcat-embed-core-10.1.41.jar!/:na]
	at org.apache.catalina.core.ApplicationFilterChain.doFilter(ApplicationFilterChain.java:140) ~[tomcat-embed-core-10.1.41.jar!/:na]
	at org.springframework.web.filter.FormContentFilter.doFilterInternal(FormContentFilter.java:93) ~[spring-web-6.2.7.jar!/:6.2.7]
	at org.springframework.web.filter.OncePerRequestFilter.doFilter(OncePerRequestFilter.java:116) ~[spring-web-6.2.7.jar!/:6.2.7]
	at org.apache.catalina.core.ApplicationFilterChain.internalDoFilter(ApplicationFilterChain.java:164) ~[tomcat-embed-core-10.1.41.jar!/:na]
	at org.apache.catalina.core.ApplicationFilterChain.doFilter(ApplicationFilterChain.java:140) ~[tomcat-embed-core-10.1.41.jar!/:na]
	at org.springframework.web.filter.CharacterEncodingFilter.doFilterInternal(CharacterEncodingFilter.java:201) ~[spring-web-6.2.7.jar!/:6.2.7]
	at org.springframework.web.filter.OncePerRequestFilter.doFilter(OncePerRequestFilter.java:116) ~[spring-web-6.2.7.jar!/:6.2.7]
	at org.apache.catalina.core.ApplicationFilterChain.internalDoFilter(ApplicationFilterChain.java:164) ~[tomcat-embed-core-10.1.41.jar!/:na]
	at org.apache.catalina.core.ApplicationFilterChain.doFilter(ApplicationFilterChain.java:140) ~[tomcat-embed-core-10.1.41.jar!/:na]
	at org.apache.catalina.core.StandardWrapperValve.invoke(StandardWrapperValve.java:167) ~[tomcat-embed-core-10.1.41.jar!/:na]
	at org.apache.catalina.core.StandardContextValve.invoke(StandardContextValve.java:90) ~[tomcat-embed-core-10.1.41.jar!/:na]
	at org.apache.catalina.authenticator.AuthenticatorBase.invoke(AuthenticatorBase.java:483) ~[tomcat-embed-core-10.1.41.jar!/:na]
	at org.apache.catalina.core.StandardHostValve.invoke(StandardHostValve.java:116) ~[tomcat-embed-core-10.1.41.jar!/:na]
	at org.apache.catalina.valves.ErrorReportValve.invoke(ErrorReportValve.java:93) ~[tomcat-embed-core-10.1.41.jar!/:na]
	at org.apache.catalina.core.StandardEngineValve.invoke(StandardEngineValve.java:74) ~[tomcat-embed-core-10.1.41.jar!/:na]
	at org.apache.catalina.connector.CoyoteAdapter.service(CoyoteAdapter.java:344) ~[tomcat-embed-core-10.1.41.jar!/:na]
	at org.apache.coyote.http11.Http11Processor.service(Http11Processor.java:398) ~[tomcat-embed-core-10.1.41.jar!/:na]
	at org.apache.coyote.AbstractProcessorLight.process(AbstractProcessorLight.java:63) ~[tomcat-embed-core-10.1.41.jar!/:na]
	at org.apache.coyote.AbstractProtocol$ConnectionHandler.process(AbstractProtocol.java:903) ~[tomcat-embed-core-10.1.41.jar!/:na]
	at org.apache.tomcat.util.net.NioEndpoint$SocketProcessor.doRun(NioEndpoint.java:1740) ~[tomcat-embed-core-10.1.41.jar!/:na]
	at org.apache.tomcat.util.net.SocketProcessorBase.run(SocketProcessorBase.java:52) ~[tomcat-embed-core-10.1.41.jar!/:na]
	at org.apache.tomcat.util.threads.ThreadPoolExecutor.runWorker(ThreadPoolExecutor.java:1189) ~[tomcat-embed-core-10.1.41.jar!/:na]
	at org.apache.tomcat.util.threads.ThreadPoolExecutor$Worker.run(ThreadPoolExecutor.java:658) ~[tomcat-embed-core-10.1.41.jar!/:na]
	at org.apache.tomcat.util.threads.TaskThread$WrappingRunnable.run(TaskThread.java:63) ~[tomcat-embed-core-10.1.41.jar!/:na]
	at java.base/java.lang.Thread.run(Thread.java:1583) ~[na:na]

                                                                                                                                                                                                                                                                                                                                                                                                                                                                                                                                                                                                                                                                                                                                                                                                                                                                                                                                                                                                                                                                                                                                                                                                                                                                                                                                                                                                                                                                                                                                                                                                                                                                                                                                                                                                                                                                                                                                                                                                                                                                                                                                                                                                                                                                                                                                                                                                                                                                                                                                                                                                                                                                                                                                                                                                                                                                                                                                                                                                                                                                                                                                                                                                                              