2025-12-14 15:12:44 - com.smboutique.api.ApiApplication - Starting ApiApplication v0.0.1-SNAPSHOT using Java 21.0.9 with PID 83775 (/home/maitre/SMBOUTIQUE_V2/backend/target/backend-0.0.1-SNAPSHOT.jar started by maitre in /home/maitre/SMBOUTIQUE_V2)
2025-12-14 15:12:44 - com.smboutique.api.ApiApplication - Running with Spring Boot v3.3.0, Spring v6.1.8
2025-12-14 15:12:44 - com.smboutique.api.ApiApplication - No active profile set, falling back to 1 default profile: "default"
2025-12-14 15:12:46 - o.s.d.r.c.RepositoryConfigurationDelegate - Bootstrapping Spring Data JPA repositories in DEFAULT mode.
2025-12-14 15:12:46 - o.s.d.r.c.RepositoryConfigurationDelegate - Finished Spring Data repository scanning in 234 ms. Found 28 JPA repository interfaces.
2025-12-14 15:12:47 - o.s.b.w.e.tomcat.TomcatWebServer - Tomcat initialized with port 8085 (http)
2025-12-14 15:12:47 - o.a.catalina.core.StandardService - Starting service [Tomcat]
2025-12-14 15:12:47 - o.a.catalina.core.StandardEngine - Starting Servlet engine: [Apache Tomcat/10.1.24]
2025-12-14 15:12:48 - o.a.c.c.C.[Tomcat].[localhost].[/] - Initializing Spring embedded WebApplicationContext
2025-12-14 15:12:48 - o.s.b.w.s.c.ServletWebServerApplicationContext - Root WebApplicationContext: initialization completed in 2979 ms
2025-12-14 15:12:48 - o.s.o.j.LocalContainerEntityManagerFactoryBean - Building JPA container EntityManagerFactory for persistence unit 'default'
2025-12-14 15:12:48 - o.h.jpa.internal.util.LogHelper - HHH000204: Processing PersistenceUnitInfo [name: default]
2025-12-14 15:12:48 - org.hibernate.Version - HHH000412: Hibernate ORM core version 6.5.2.Final
2025-12-14 15:12:48 - o.h.c.i.RegionFactoryInitiator - HHH000026: Second-level cache disabled
2025-12-14 15:12:48 - o.s.o.j.p.SpringPersistenceUnitInfo - No LoadTimeWeaver setup: ignoring JPA class transformer
2025-12-14 15:12:48 - com.zaxxer.hikari.HikariDataSource - HikariPool-1 - Starting...
2025-12-14 15:12:49 - com.zaxxer.hikari.pool.HikariPool - HikariPool-1 - Added connection com.mysql.cj.jdbc.ConnectionImpl@7037a680
2025-12-14 15:12:49 - com.zaxxer.hikari.HikariDataSource - HikariPool-1 - Start completed.
2025-12-14 15:12:49 - org.hibernate.orm.deprecation - HHH90000025: MySQL8Dialect does not need to be specified explicitly using 'hibernate.dialect' (remove the property setting and it will be selected by default)
2025-12-14 15:12:49 - org.hibernate.orm.deprecation - HHH90000026: MySQL8Dialect has been deprecated; use org.hibernate.dialect.MySQLDialect instead
2025-12-14 15:12:51 - o.h.e.t.j.p.i.JtaPlatformInitiator - HHH000489: No JTA platform available (set 'hibernate.transaction.jta.platform' to enable JTA platform integration)
2025-12-14 15:12:51 - o.s.o.j.LocalContainerEntityManagerFactoryBean - Initialized JPA EntityManagerFactory for persistence unit 'default'
2025-12-14 15:12:51 - o.s.o.j.SharedEntityManagerCreator$SharedEntityManagerInvocationHandler - Creating new EntityManager for shared EntityManager invocation
2025-12-14 15:12:51 - o.s.o.j.SharedEntityManagerCreator$SharedEntityManagerInvocationHandler - Creating new EntityManager for shared EntityManager invocation
2025-12-14 15:12:51 - o.s.o.j.SharedEntityManagerCreator$SharedEntityManagerInvocationHandler - Creating new EntityManager for shared EntityManager invocation
2025-12-14 15:12:51 - o.s.o.j.SharedEntityManagerCreator$SharedEntityManagerInvocationHandler - Creating new EntityManager for shared EntityManager invocation
2025-12-14 15:12:51 - o.s.o.j.SharedEntityManagerCreator$SharedEntityManagerInvocationHandler - Creating new EntityManager for shared EntityManager invocation
2025-12-14 15:12:51 - o.s.o.j.SharedEntityManagerCreator$SharedEntityManagerInvocationHandler - Creating new EntityManager for shared EntityManager invocation
2025-12-14 15:12:52 - c.s.api.security.AuthTokenFilter - Filter 'authTokenFilter' configured for use
2025-12-14 15:12:52 - c.s.api.security.AuthTokenFilter - Filter 'authenticationJwtTokenFilter' configured for use
2025-12-14 15:12:52 - o.s.o.j.SharedEntityManagerCreator$SharedEntityManagerInvocationHandler - Creating new EntityManager for shared EntityManager invocation
2025-12-14 15:12:52 - o.s.o.j.SharedEntityManagerCreator$SharedEntityManagerInvocationHandler - Creating new EntityManager for shared EntityManager invocation
2025-12-14 15:12:52 - o.s.o.j.SharedEntityManagerCreator$SharedEntityManagerInvocationHandler - Creating new EntityManager for shared EntityManager invocation
2025-12-14 15:12:52 - o.s.o.j.SharedEntityManagerCreator$SharedEntityManagerInvocationHandler - Creating new EntityManager for shared EntityManager invocation
2025-12-14 15:12:52 - o.s.o.j.SharedEntityManagerCreator$SharedEntityManagerInvocationHandler - Creating new EntityManager for shared EntityManager invocation
2025-12-14 15:12:52 - o.s.d.j.r.query.QueryEnhancerFactory - Hibernate is in classpath; If applicable, HQL parser will be used.
2025-12-14 15:12:52 - o.s.o.j.SharedEntityManagerCreator$SharedEntityManagerInvocationHandler - Creating new EntityManager for shared EntityManager invocation
2025-12-14 15:12:52 - org.hibernate.orm.deprecation - HHH90000021: Encountered deprecated setting [javax.persistence.query.timeout], use [jakarta.persistence.query.timeout] instead
2025-12-14 15:12:52 - o.s.o.j.SharedEntityManagerCreator$SharedEntityManagerInvocationHandler - Creating new EntityManager for shared EntityManager invocation
2025-12-14 15:12:52 - o.s.o.j.SharedEntityManagerCreator$SharedEntityManagerInvocationHandler - Creating new EntityManager for shared EntityManager invocation
2025-12-14 15:12:52 - o.s.o.j.SharedEntityManagerCreator$SharedEntityManagerInvocationHandler - Creating new EntityManager for shared EntityManager invocation
2025-12-14 15:12:52 - org.hibernate.orm.deprecation - HHH90000021: Encountered deprecated setting [javax.persistence.query.timeout], use [jakarta.persistence.query.timeout] instead
2025-12-14 15:12:52 - o.s.o.j.SharedEntityManagerCreator$SharedEntityManagerInvocationHandler - Creating new EntityManager for shared EntityManager invocation
2025-12-14 15:12:52 - o.s.o.j.SharedEntityManagerCreator$SharedEntityManagerInvocationHandler - Creating new EntityManager for shared EntityManager invocation
2025-12-14 15:12:52 - o.s.o.j.SharedEntityManagerCreator$SharedEntityManagerInvocationHandler - Creating new EntityManager for shared EntityManager invocation
2025-12-14 15:12:52 - o.s.o.j.SharedEntityManagerCreator$SharedEntityManagerInvocationHandler - Creating new EntityManager for shared EntityManager invocation
2025-12-14 15:12:52 - o.s.o.j.SharedEntityManagerCreator$SharedEntityManagerInvocationHandler - Creating new EntityManager for shared EntityManager invocation
2025-12-14 15:12:52 - o.s.o.j.SharedEntityManagerCreator$SharedEntityManagerInvocationHandler - Creating new EntityManager for shared EntityManager invocation
2025-12-14 15:12:52 - o.s.o.j.SharedEntityManagerCreator$SharedEntityManagerInvocationHandler - Creating new EntityManager for shared EntityManager invocation
2025-12-14 15:12:52 - o.s.o.j.SharedEntityManagerCreator$SharedEntityManagerInvocationHandler - Creating new EntityManager for shared EntityManager invocation
2025-12-14 15:12:52 - o.s.o.j.SharedEntityManagerCreator$SharedEntityManagerInvocationHandler - Creating new EntityManager for shared EntityManager invocation
2025-12-14 15:12:52 - o.s.o.j.SharedEntityManagerCreator$SharedEntityManagerInvocationHandler - Creating new EntityManager for shared EntityManager invocation
2025-12-14 15:12:52 - o.s.o.j.SharedEntityManagerCreator$SharedEntityManagerInvocationHandler - Creating new EntityManager for shared EntityManager invocation
2025-12-14 15:12:52 - o.s.o.j.SharedEntityManagerCreator$SharedEntityManagerInvocationHandler - Creating new EntityManager for shared EntityManager invocation
2025-12-14 15:12:52 - o.s.o.j.SharedEntityManagerCreator$SharedEntityManagerInvocationHandler - Creating new EntityManager for shared EntityManager invocation
2025-12-14 15:12:53 - o.s.o.j.SharedEntityManagerCreator$SharedEntityManagerInvocationHandler - Creating new EntityManager for shared EntityManager invocation
2025-12-14 15:12:53 - o.s.o.j.SharedEntityManagerCreator$SharedEntityManagerInvocationHandler - Creating new EntityManager for shared EntityManager invocation
2025-12-14 15:12:53 - o.s.o.j.SharedEntityManagerCreator$SharedEntityManagerInvocationHandler - Creating new EntityManager for shared EntityManager invocation
2025-12-14 15:12:53 - o.s.o.j.SharedEntityManagerCreator$SharedEntityManagerInvocationHandler - Creating new EntityManager for shared EntityManager invocation
2025-12-14 15:12:53 - o.s.o.j.SharedEntityManagerCreator$SharedEntityManagerInvocationHandler - Creating new EntityManager for shared EntityManager invocation
2025-12-14 15:12:53 - o.s.o.j.SharedEntityManagerCreator$SharedEntityManagerInvocationHandler - Creating new EntityManager for shared EntityManager invocation
2025-12-14 15:12:53 - o.s.o.j.SharedEntityManagerCreator$SharedEntityManagerInvocationHandler - Creating new EntityManager for shared EntityManager invocation
2025-12-14 15:12:53 - o.s.o.j.SharedEntityManagerCreator$SharedEntityManagerInvocationHandler - Creating new EntityManager for shared EntityManager invocation
2025-12-14 15:12:53 - o.s.s.c.a.a.c.InitializeAuthenticationProviderBeanManagerConfigurer$InitializeAuthenticationProviderManagerConfigurer - Global AuthenticationManager configured with AuthenticationProvider bean with name authenticationProvider
2025-12-14 15:12:53 - o.s.s.c.a.a.c.InitializeUserDetailsBeanManagerConfigurer$InitializeUserDetailsManagerConfigurer - Global AuthenticationManager configured with an AuthenticationProvider bean. UserDetailsService beans will not be used for username/password login. Consider removing the AuthenticationProvider bean. Alternatively, consider using the UserDetailsService in a manually instantiated DaoAuthenticationProvider.
2025-12-14 15:12:53 - o.s.o.j.SharedEntityManagerCreator$SharedEntityManagerInvocationHandler - Creating new EntityManager for shared EntityManager invocation
2025-12-14 15:12:53 - o.s.o.j.SharedEntityManagerCreator$SharedEntityManagerInvocationHandler - Creating new EntityManager for shared EntityManager invocation
2025-12-14 15:12:53 - o.s.o.j.SharedEntityManagerCreator$SharedEntityManagerInvocationHandler - Creating new EntityManager for shared EntityManager invocation
2025-12-14 15:12:53 - o.s.o.j.SharedEntityManagerCreator$SharedEntityManagerInvocationHandler - Creating new EntityManager for shared EntityManager invocation
2025-12-14 15:12:53 - o.s.o.j.SharedEntityManagerCreator$SharedEntityManagerInvocationHandler - Creating new EntityManager for shared EntityManager invocation
2025-12-14 15:12:53 - o.s.o.j.SharedEntityManagerCreator$SharedEntityManagerInvocationHandler - Creating new EntityManager for shared EntityManager invocation
2025-12-14 15:12:53 - o.s.o.j.SharedEntityManagerCreator$SharedEntityManagerInvocationHandler - Creating new EntityManager for shared EntityManager invocation
2025-12-14 15:12:53 - o.s.o.j.SharedEntityManagerCreator$SharedEntityManagerInvocationHandler - Creating new EntityManager for shared EntityManager invocation
2025-12-14 15:12:53 - o.s.o.j.SharedEntityManagerCreator$SharedEntityManagerInvocationHandler - Creating new EntityManager for shared EntityManager invocation
2025-12-14 15:12:53 - o.s.o.j.SharedEntityManagerCreator$SharedEntityManagerInvocationHandler - Creating new EntityManager for shared EntityManager invocation
2025-12-14 15:12:53 - o.s.o.j.SharedEntityManagerCreator$SharedEntityManagerInvocationHandler - Creating new EntityManager for shared EntityManager invocation
2025-12-14 15:12:53 - o.s.o.j.SharedEntityManagerCreator$SharedEntityManagerInvocationHandler - Creating new EntityManager for shared EntityManager invocation
2025-12-14 15:12:53 - o.s.o.j.SharedEntityManagerCreator$SharedEntityManagerInvocationHandler - Creating new EntityManager for shared EntityManager invocation
2025-12-14 15:12:53 - o.s.o.j.SharedEntityManagerCreator$SharedEntityManagerInvocationHandler - Creating new EntityManager for shared EntityManager invocation
2025-12-14 15:12:53 - o.s.o.j.SharedEntityManagerCreator$SharedEntityManagerInvocationHandler - Creating new EntityManager for shared EntityManager invocation
2025-12-14 15:12:53 - o.s.o.j.SharedEntityManagerCreator$SharedEntityManagerInvocationHandler - Creating new EntityManager for shared EntityManager invocation
2025-12-14 15:12:53 - o.s.o.j.SharedEntityManagerCreator$SharedEntityManagerInvocationHandler - Creating new EntityManager for shared EntityManager invocation
2025-12-14 15:12:53 - o.s.o.j.SharedEntityManagerCreator$SharedEntityManagerInvocationHandler - Creating new EntityManager for shared EntityManager invocation
2025-12-14 15:12:53 - o.s.o.j.SharedEntityManagerCreator$SharedEntityManagerInvocationHandler - Creating new EntityManager for shared EntityManager invocation
2025-12-14 15:12:53 - o.s.o.j.SharedEntityManagerCreator$SharedEntityManagerInvocationHandler - Creating new EntityManager for shared EntityManager invocation
2025-12-14 15:12:53 - o.s.o.j.SharedEntityManagerCreator$SharedEntityManagerInvocationHandler - Creating new EntityManager for shared EntityManager invocation
2025-12-14 15:12:53 - o.s.o.j.SharedEntityManagerCreator$SharedEntityManagerInvocationHandler - Creating new EntityManager for shared EntityManager invocation
2025-12-14 15:12:53 - o.s.o.j.SharedEntityManagerCreator$SharedEntityManagerInvocationHandler - Creating new EntityManager for shared EntityManager invocation
2025-12-14 15:12:53 - org.hibernate.orm.deprecation - HHH90000021: Encountered deprecated setting [javax.persistence.query.timeout], use [jakarta.persistence.query.timeout] instead
2025-12-14 15:12:53 - o.s.o.j.SharedEntityManagerCreator$SharedEntityManagerInvocationHandler - Creating new EntityManager for shared EntityManager invocation
2025-12-14 15:12:53 - o.s.o.j.SharedEntityManagerCreator$SharedEntityManagerInvocationHandler - Creating new EntityManager for shared EntityManager invocation
2025-12-14 15:12:53 - o.s.o.j.SharedEntityManagerCreator$SharedEntityManagerInvocationHandler - Creating new EntityManager for shared EntityManager invocation
2025-12-14 15:12:53 - o.s.o.j.SharedEntityManagerCreator$SharedEntityManagerInvocationHandler - Creating new EntityManager for shared EntityManager invocation
2025-12-14 15:12:53 - o.s.o.j.SharedEntityManagerCreator$SharedEntityManagerInvocationHandler - Creating new EntityManager for shared EntityManager invocation
2025-12-14 15:12:53 - o.s.o.j.SharedEntityManagerCreator$SharedEntityManagerInvocationHandler - Creating new EntityManager for shared EntityManager invocation
2025-12-14 15:12:53 - o.s.o.j.SharedEntityManagerCreator$SharedEntityManagerInvocationHandler - Creating new EntityManager for shared EntityManager invocation
2025-12-14 15:12:53 - o.s.o.j.SharedEntityManagerCreator$SharedEntityManagerInvocationHandler - Creating new EntityManager for shared EntityManager invocation
2025-12-14 15:12:53 - o.s.o.j.SharedEntityManagerCreator$SharedEntityManagerInvocationHandler - Creating new EntityManager for shared EntityManager invocation
2025-12-14 15:12:53 - o.s.o.j.SharedEntityManagerCreator$SharedEntityManagerInvocationHandler - Creating new EntityManager for shared EntityManager invocation
2025-12-14 15:12:53 - o.s.o.j.SharedEntityManagerCreator$SharedEntityManagerInvocationHandler - Creating new EntityManager for shared EntityManager invocation
2025-12-14 15:12:53 - o.s.o.j.SharedEntityManagerCreator$SharedEntityManagerInvocationHandler - Creating new EntityManager for shared EntityManager invocation
2025-12-14 15:12:53 - o.s.o.j.SharedEntityManagerCreator$SharedEntityManagerInvocationHandler - Creating new EntityManager for shared EntityManager invocation
2025-12-14 15:12:53 - o.s.o.j.SharedEntityManagerCreator$SharedEntityManagerInvocationHandler - Creating new EntityManager for shared EntityManager invocation
2025-12-14 15:12:53 - o.s.o.j.SharedEntityManagerCreator$SharedEntityManagerInvocationHandler - Creating new EntityManager for shared EntityManager invocation
2025-12-14 15:12:53 - o.s.o.j.SharedEntityManagerCreator$SharedEntityManagerInvocationHandler - Creating new EntityManager for shared EntityManager invocation
2025-12-14 15:12:53 - o.s.o.j.SharedEntityManagerCreator$SharedEntityManagerInvocationHandler - Creating new EntityManager for shared EntityManager invocation
2025-12-14 15:12:53 - o.s.o.j.SharedEntityManagerCreator$SharedEntityManagerInvocationHandler - Creating new EntityManager for shared EntityManager invocation
2025-12-14 15:12:53 - o.s.o.j.SharedEntityManagerCreator$SharedEntityManagerInvocationHandler - Creating new EntityManager for shared EntityManager invocation
2025-12-14 15:12:53 - o.s.b.a.o.j.JpaBaseConfiguration$JpaWebConfiguration - spring.jpa.open-in-view is enabled by default. Therefore, database queries may be performed during view rendering. Explicitly configure spring.jpa.open-in-view to disable this warning
2025-12-14 15:12:54 - o.s.s.web.DefaultSecurityFilterChain - Will secure any request with [org.springframework.security.web.session.DisableEncodeUrlFilter@88151e7, org.springframework.security.web.context.request.async.WebAsyncManagerIntegrationFilter@1f8315cf, org.springframework.security.web.context.SecurityContextHolderFilter@372ea7fa, org.springframework.security.web.header.HeaderWriterFilter@2defc6c1, org.springframework.web.filter.CorsFilter@2e66340, org.springframework.security.web.authentication.logout.LogoutFilter@1d8deb33, com.smboutique.api.security.AuthTokenFilter@318155b1, org.springframework.security.web.savedrequest.RequestCacheAwareFilter@12dac814, org.springframework.security.web.servletapi.SecurityContextHolderAwareRequestFilter@53b0fbf6, org.springframework.security.web.authentication.AnonymousAuthenticationFilter@52478bf5, org.springframework.security.web.session.SessionManagementFilter@7ce00985, org.springframework.security.web.access.ExceptionTranslationFilter@27ddc4d3, org.springframework.security.web.access.intercept.AuthorizationFilter@79200f8]
2025-12-14 15:12:54 - o.s.b.w.s.c.AnnotationConfigServletWebServerApplicationContext - Exception encountered during context initialization - cancelling refresh attempt: org.springframework.context.ApplicationContextException: Failed to start bean 'webServerStartStop'
2025-12-14 15:12:54 - o.s.o.j.LocalContainerEntityManagerFactoryBean - Closing JPA EntityManagerFactory for persistence unit 'default'
2025-12-14 15:12:54 - com.zaxxer.hikari.HikariDataSource - HikariPool-1 - Shutdown initiated...
2025-12-14 15:12:54 - com.zaxxer.hikari.HikariDataSource - HikariPool-1 - Shutdown completed.
2025-12-14 15:12:54 - o.s.b.a.l.ConditionEvaluationReportLogger - 

Error starting ApplicationContext. To display the condition evaluation report re-run your application with 'debug' enabled.
2025-12-14 15:12:54 - o.s.boot.SpringApplication - Application run failed
org.springframework.context.ApplicationContextException: Failed to start bean 'webServerStartStop'
	at org.springframework.context.support.DefaultLifecycleProcessor.doStart(DefaultLifecycleProcessor.java:291)
	at org.springframework.context.support.DefaultLifecycleProcessor$LifecycleGroup.start(DefaultLifecycleProcessor.java:471)
	at java.base/java.lang.Iterable.forEach(Iterable.java:75)
	at org.springframework.context.support.DefaultLifecycleProcessor.startBeans(DefaultLifecycleProcessor.java:260)
	at org.springframework.context.support.DefaultLifecycleProcessor.onRefresh(DefaultLifecycleProcessor.java:205)
	at org.springframework.context.support.AbstractApplicationContext.finishRefresh(AbstractApplicationContext.java:981)
	at org.springframework.context.support.AbstractApplicationContext.refresh(AbstractApplicationContext.java:627)
	at org.springframework.boot.web.servlet.context.ServletWebServerApplicationContext.refresh(ServletWebServerApplicationContext.java:146)
	at org.springframework.boot.SpringApplication.refresh(SpringApplication.java:754)
	at org.springframework.boot.SpringApplication.refreshContext(SpringApplication.java:456)
	at org.springframework.boot.SpringApplication.run(SpringApplication.java:335)
	at org.springframework.boot.SpringApplication.run(SpringApplication.java:1363)
	at org.springframework.boot.SpringApplication.run(SpringApplication.java:1352)
	at com.smboutique.api.ApiApplication.main(ApiApplication.java:12)
	at java.base/jdk.internal.reflect.DirectMethodHandleAccessor.invoke(DirectMethodHandleAccessor.java:103)
	at java.base/java.lang.reflect.Method.invoke(Method.java:580)
	at org.springframework.boot.loader.launch.Launcher.launch(Launcher.java:91)
	at org.springframework.boot.loader.launch.Launcher.launch(Launcher.java:53)
	at org.springframework.boot.loader.launch.JarLauncher.main(JarLauncher.java:58)
Caused by: org.springframework.boot.web.server.WebServerException: Unable to start embedded Tomcat server
	at org.springframework.boot.web.embedded.tomcat.TomcatWebServer.start(TomcatWebServer.java:251)
	at org.springframework.boot.web.servlet.context.WebServerStartStopLifecycle.start(WebServerStartStopLifecycle.java:44)
	at org.springframework.context.support.DefaultLifecycleProcessor.doStart(DefaultLifecycleProcessor.java:288)
	... 18 common frames omitted
Caused by: java.lang.IllegalArgumentException: standardService.connector.startFailed
	at org.apache.catalina.core.StandardService.addConnector(StandardService.java:222)
	at org.springframework.boot.web.embedded.tomcat.TomcatWebServer.addPreviouslyRemovedConnectors(TomcatWebServer.java:310)
	at org.springframework.boot.web.embedded.tomcat.TomcatWebServer.start(TomcatWebServer.java:236)
	... 20 common frames omitted
Caused by: org.apache.catalina.LifecycleException: Protocol handler start failed
	at org.apache.catalina.connector.Connector.startInternal(Connector.java:1047)
	at org.apache.catalina.util.LifecycleBase.start(LifecycleBase.java:171)
	at org.apache.catalina.core.StandardService.addConnector(StandardService.java:219)
	... 22 common frames omitted
Caused by: java.net.BindException: Adresse déjà utilisée
	at java.base/sun.nio.ch.Net.bind0(Native Method)
	at java.base/sun.nio.ch.Net.bind(Net.java:565)
	at java.base/sun.nio.ch.ServerSocketChannelImpl.netBind(ServerSocketChannelImpl.java:344)
	at java.base/sun.nio.ch.ServerSocketChannelImpl.bind(ServerSocketChannelImpl.java:301)
	at org.apache.tomcat.util.net.NioEndpoint.initServerSocket(NioEndpoint.java:239)
	at org.apache.tomcat.util.net.NioEndpoint.bind(NioEndpoint.java:194)
	at org.apache.tomcat.util.net.AbstractEndpoint.bindWithCleanup(AbstractEndpoint.java:1286)
	at org.apache.tomcat.util.net.AbstractEndpoint.start(AbstractEndpoint.java:1372)
	at org.apache.coyote.AbstractProtocol.start(AbstractProtocol.java:635)
	at org.apache.catalina.connector.Connector.startInternal(Connector.java:1044)
	... 24 common frames omitted
2025-12-14 15:32:20 - com.smboutique.api.ApiApplication - Starting ApiApplication v0.0.1-SNAPSHOT using Java 21.0.9 with PID 91336 (/home/maitre/SMBOUTIQUE_V2/backend/target/backend-0.0.1-SNAPSHOT.jar started by maitre in /home/maitre/SMBOUTIQUE_V2)
2025-12-14 15:32:20 - com.smboutique.api.ApiApplication - Running with Spring Boot v3.3.0, Spring v6.1.8
2025-12-14 15:32:20 - com.smboutique.api.ApiApplication - No active profile set, falling back to 1 default profile: "default"
2025-12-14 15:32:22 - o.s.d.r.c.RepositoryConfigurationDelegate - Bootstrapping Spring Data JPA repositories in DEFAULT mode.
2025-12-14 15:32:22 - o.s.d.r.c.RepositoryConfigurationDelegate - Finished Spring Data repository scanning in 304 ms. Found 28 JPA repository interfaces.
2025-12-14 15:32:24 - o.s.b.w.e.tomcat.TomcatWebServer - Tomcat initialized with port 8085 (http)
2025-12-14 15:32:24 - o.a.catalina.core.StandardService - Starting service [Tomcat]
2025-12-14 15:32:24 - o.a.catalina.core.StandardEngine - Starting Servlet engine: [Apache Tomcat/10.1.24]
2025-12-14 15:32:24 - o.a.c.c.C.[Tomcat].[localhost].[/] - Initializing Spring embedded WebApplicationContext
2025-12-14 15:32:24 - o.s.b.w.s.c.ServletWebServerApplicationContext - Root WebApplicationContext: initialization completed in 3735 ms
2025-12-14 15:32:24 - o.s.o.j.LocalContainerEntityManagerFactoryBean - Building JPA container EntityManagerFactory for persistence unit 'default'
2025-12-14 15:32:24 - o.h.jpa.internal.util.LogHelper - HHH000204: Processing PersistenceUnitInfo [name: default]
2025-12-14 15:32:24 - org.hibernate.Version - HHH000412: Hibernate ORM core version 6.5.2.Final
2025-12-14 15:32:25 - o.h.c.i.RegionFactoryInitiator - HHH000026: Second-level cache disabled
2025-12-14 15:32:25 - o.s.o.j.p.SpringPersistenceUnitInfo - No LoadTimeWeaver setup: ignoring JPA class transformer
2025-12-14 15:32:25 - com.zaxxer.hikari.HikariDataSource - HikariPool-1 - Starting...
2025-12-14 15:32:26 - com.zaxxer.hikari.pool.HikariPool - HikariPool-1 - Added connection com.mysql.cj.jdbc.ConnectionImpl@8aa5ab4
2025-12-14 15:32:26 - com.zaxxer.hikari.HikariDataSource - HikariPool-1 - Start completed.
2025-12-14 15:32:26 - org.hibernate.orm.deprecation - HHH90000025: MySQL8Dialect does not need to be specified explicitly using 'hibernate.dialect' (remove the property setting and it will be selected by default)
2025-12-14 15:32:26 - org.hibernate.orm.deprecation - HHH90000026: MySQL8Dialect has been deprecated; use org.hibernate.dialect.MySQLDialect instead
2025-12-14 15:32:29 - o.h.e.t.j.p.i.JtaPlatformInitiator - HHH000489: No JTA platform available (set 'hibernate.transaction.jta.platform' to enable JTA platform integration)
2025-12-14 15:32:29 - o.s.o.j.LocalContainerEntityManagerFactoryBean - Initialized JPA EntityManagerFactory for persistence unit 'default'
2025-12-14 15:32:29 - o.s.o.j.SharedEntityManagerCreator$SharedEntityManagerInvocationHandler - Creating new EntityManager for shared EntityManager invocation
2025-12-14 15:32:29 - o.s.o.j.SharedEntityManagerCreator$SharedEntityManagerInvocationHandler - Creating new EntityManager for shared EntityManager invocation
2025-12-14 15:32:29 - o.s.o.j.SharedEntityManagerCreator$SharedEntityManagerInvocationHandler - Creating new EntityManager for shared EntityManager invocation
2025-12-14 15:32:29 - o.s.o.j.SharedEntityManagerCreator$SharedEntityManagerInvocationHandler - Creating new EntityManager for shared EntityManager invocation
2025-12-14 15:32:30 - o.s.o.j.SharedEntityManagerCreator$SharedEntityManagerInvocationHandler - Creating new EntityManager for shared EntityManager invocation
2025-12-14 15:32:30 - o.s.o.j.SharedEntityManagerCreator$SharedEntityManagerInvocationHandler - Creating new EntityManager for shared EntityManager invocation
2025-12-14 15:32:30 - c.s.api.security.AuthTokenFilter - Filter 'authTokenFilter' configured for use
2025-12-14 15:32:30 - c.s.api.security.AuthTokenFilter - Filter 'authenticationJwtTokenFilter' configured for use
2025-12-14 15:32:30 - o.s.o.j.SharedEntityManagerCreator$SharedEntityManagerInvocationHandler - Creating new EntityManager for shared EntityManager invocation
2025-12-14 15:32:30 - o.s.o.j.SharedEntityManagerCreator$SharedEntityManagerInvocationHandler - Creating new EntityManager for shared EntityManager invocation
2025-12-14 15:32:30 - o.s.o.j.SharedEntityManagerCreator$SharedEntityManagerInvocationHandler - Creating new EntityManager for shared EntityManager invocation
2025-12-14 15:32:30 - o.s.o.j.SharedEntityManagerCreator$SharedEntityManagerInvocationHandler - Creating new EntityManager for shared EntityManager invocation
2025-12-14 15:32:30 - o.s.o.j.SharedEntityManagerCreator$SharedEntityManagerInvocationHandler - Creating new EntityManager for shared EntityManager invocation
2025-12-14 15:32:30 - o.s.d.j.r.query.QueryEnhancerFactory - Hibernate is in classpath; If applicable, HQL parser will be used.
2025-12-14 15:32:30 - o.s.o.j.SharedEntityManagerCreator$SharedEntityManagerInvocationHandler - Creating new EntityManager for shared EntityManager invocation
2025-12-14 15:32:30 - org.hibernate.orm.deprecation - HHH90000021: Encountered deprecated setting [javax.persistence.query.timeout], use [jakarta.persistence.query.timeout] instead
2025-12-14 15:32:30 - o.s.o.j.SharedEntityManagerCreator$SharedEntityManagerInvocationHandler - Creating new EntityManager for shared EntityManager invocation
2025-12-14 15:32:30 - o.s.o.j.SharedEntityManagerCreator$SharedEntityManagerInvocationHandler - Creating new EntityManager for shared EntityManager invocation
2025-12-14 15:32:30 - o.s.o.j.SharedEntityManagerCreator$SharedEntityManagerInvocationHandler - Creating new EntityManager for shared EntityManager invocation
2025-12-14 15:32:31 - org.hibernate.orm.deprecation - HHH90000021: Encountered deprecated setting [javax.persistence.query.timeout], use [jakarta.persistence.query.timeout] instead
2025-12-14 15:32:31 - o.s.o.j.SharedEntityManagerCreator$SharedEntityManagerInvocationHandler - Creating new EntityManager for shared EntityManager invocation
2025-12-14 15:32:31 - o.s.o.j.SharedEntityManagerCreator$SharedEntityManagerInvocationHandler - Creating new EntityManager for shared EntityManager invocation
2025-12-14 15:32:31 - o.s.o.j.SharedEntityManagerCreator$SharedEntityManagerInvocationHandler - Creating new EntityManager for shared EntityManager invocation
2025-12-14 15:32:31 - o.s.o.j.SharedEntityManagerCreator$SharedEntityManagerInvocationHandler - Creating new EntityManager for shared EntityManager invocation
2025-12-14 15:32:31 - o.s.o.j.SharedEntityManagerCreator$SharedEntityManagerInvocationHandler - Creating new EntityManager for shared EntityManager invocation
2025-12-14 15:32:31 - o.s.o.j.SharedEntityManagerCreator$SharedEntityManagerInvocationHandler - Creating new EntityManager for shared EntityManager invocation
2025-12-14 15:32:31 - o.s.o.j.SharedEntityManagerCreator$SharedEntityManagerInvocationHandler - Creating new EntityManager for shared EntityManager invocation
2025-12-14 15:32:31 - o.s.o.j.SharedEntityManagerCreator$SharedEntityManagerInvocationHandler - Creating new EntityManager for shared EntityManager invocation
2025-12-14 15:32:31 - o.s.o.j.SharedEntityManagerCreator$SharedEntityManagerInvocationHandler - Creating new EntityManager for shared EntityManager invocation
2025-12-14 15:32:31 - o.s.o.j.SharedEntityManagerCreator$SharedEntityManagerInvocationHandler - Creating new EntityManager for shared EntityManager invocation
2025-12-14 15:32:31 - o.s.o.j.SharedEntityManagerCreator$SharedEntityManagerInvocationHandler - Creating new EntityManager for shared EntityManager invocation
2025-12-14 15:32:31 - o.s.o.j.SharedEntityManagerCreator$SharedEntityManagerInvocationHandler - Creating new EntityManager for shared EntityManager invocation
2025-12-14 15:32:31 - o.s.o.j.SharedEntityManagerCreator$SharedEntityManagerInvocationHandler - Creating new EntityManager for shared EntityManager invocation
2025-12-14 15:32:31 - o.s.o.j.SharedEntityManagerCreator$SharedEntityManagerInvocationHandler - Creating new EntityManager for shared EntityManager invocation
2025-12-14 15:32:31 - o.s.o.j.SharedEntityManagerCreator$SharedEntityManagerInvocationHandler - Creating new EntityManager for shared EntityManager invocation
2025-12-14 15:32:31 - o.s.o.j.SharedEntityManagerCreator$SharedEntityManagerInvocationHandler - Creating new EntityManager for shared EntityManager invocation
2025-12-14 15:32:31 - o.s.o.j.SharedEntityManagerCreator$SharedEntityManagerInvocationHandler - Creating new EntityManager for shared EntityManager invocation
2025-12-14 15:32:31 - o.s.o.j.SharedEntityManagerCreator$SharedEntityManagerInvocationHandler - Creating new EntityManager for shared EntityManager invocation
2025-12-14 15:32:31 - o.s.o.j.SharedEntityManagerCreator$SharedEntityManagerInvocationHandler - Creating new EntityManager for shared EntityManager invocation
2025-12-14 15:32:31 - o.s.o.j.SharedEntityManagerCreator$SharedEntityManagerInvocationHandler - Creating new EntityManager for shared EntityManager invocation
2025-12-14 15:32:31 - o.s.o.j.SharedEntityManagerCreator$SharedEntityManagerInvocationHandler - Creating new EntityManager for shared EntityManager invocation
2025-12-14 15:32:31 - o.s.s.c.a.a.c.InitializeAuthenticationProviderBeanManagerConfigurer$InitializeAuthenticationProviderManagerConfigurer - Global AuthenticationManager configured with AuthenticationProvider bean with name authenticationProvider
2025-12-14 15:32:31 - o.s.s.c.a.a.c.InitializeUserDetailsBeanManagerConfigurer$InitializeUserDetailsManagerConfigurer - Global AuthenticationManager configured with an AuthenticationProvider bean. UserDetailsService beans will not be used for username/password login. Consider removing the AuthenticationProvider bean. Alternatively, consider using the UserDetailsService in a manually instantiated DaoAuthenticationProvider.
2025-12-14 15:32:31 - o.s.o.j.SharedEntityManagerCreator$SharedEntityManagerInvocationHandler - Creating new EntityManager for shared EntityManager invocation
2025-12-14 15:32:31 - o.s.o.j.SharedEntityManagerCreator$SharedEntityManagerInvocationHandler - Creating new EntityManager for shared EntityManager invocation
2025-12-14 15:32:31 - o.s.o.j.SharedEntityManagerCreator$SharedEntityManagerInvocationHandler - Creating new EntityManager for shared EntityManager invocation
2025-12-14 15:32:31 - o.s.o.j.SharedEntityManagerCreator$SharedEntityManagerInvocationHandler - Creating new EntityManager for shared EntityManager invocation
2025-12-14 15:32:31 - o.s.o.j.SharedEntityManagerCreator$SharedEntityManagerInvocationHandler - Creating new EntityManager for shared EntityManager invocation
2025-12-14 15:32:31 - o.s.o.j.SharedEntityManagerCreator$SharedEntityManagerInvocationHandler - Creating new EntityManager for shared EntityManager invocation
2025-12-14 15:32:31 - o.s.o.j.SharedEntityManagerCreator$SharedEntityManagerInvocationHandler - Creating new EntityManager for shared EntityManager invocation
2025-12-14 15:32:31 - o.s.o.j.SharedEntityManagerCreator$SharedEntityManagerInvocationHandler - Creating new EntityManager for shared EntityManager invocation
2025-12-14 15:32:31 - o.s.o.j.SharedEntityManagerCreator$SharedEntityManagerInvocationHandler - Creating new EntityManager for shared EntityManager invocation
2025-12-14 15:32:31 - o.s.o.j.SharedEntityManagerCreator$SharedEntityManagerInvocationHandler - Creating new EntityManager for shared EntityManager invocation
2025-12-14 15:32:31 - o.s.o.j.SharedEntityManagerCreator$SharedEntityManagerInvocationHandler - Creating new EntityManager for shared EntityManager invocation
2025-12-14 15:32:31 - o.s.o.j.SharedEntityManagerCreator$SharedEntityManagerInvocationHandler - Creating new EntityManager for shared EntityManager invocation
2025-12-14 15:32:31 - o.s.o.j.SharedEntityManagerCreator$SharedEntityManagerInvocationHandler - Creating new EntityManager for shared EntityManager invocation
2025-12-14 15:32:31 - o.s.o.j.SharedEntityManagerCreator$SharedEntityManagerInvocationHandler - Creating new EntityManager for shared EntityManager invocation
2025-12-14 15:32:31 - o.s.o.j.SharedEntityManagerCreator$SharedEntityManagerInvocationHandler - Creating new EntityManager for shared EntityManager invocation
2025-12-14 15:32:31 - o.s.o.j.SharedEntityManagerCreator$SharedEntityManagerInvocationHandler - Creating new EntityManager for shared EntityManager invocation
2025-12-14 15:32:31 - o.s.o.j.SharedEntityManagerCreator$SharedEntityManagerInvocationHandler - Creating new EntityManager for shared EntityManager invocation
2025-12-14 15:32:31 - o.s.o.j.SharedEntityManagerCreator$SharedEntityManagerInvocationHandler - Creating new EntityManager for shared EntityManager invocation
2025-12-14 15:32:31 - o.s.o.j.SharedEntityManagerCreator$SharedEntityManagerInvocationHandler - Creating new EntityManager for shared EntityManager invocation
2025-12-14 15:32:31 - o.s.o.j.SharedEntityManagerCreator$SharedEntityManagerInvocationHandler - Creating new EntityManager for shared EntityManager invocation
2025-12-14 15:32:31 - o.s.o.j.SharedEntityManagerCreator$SharedEntityManagerInvocationHandler - Creating new EntityManager for shared EntityManager invocation
2025-12-14 15:32:31 - o.s.o.j.SharedEntityManagerCreator$SharedEntityManagerInvocationHandler - Creating new EntityManager for shared EntityManager invocation
2025-12-14 15:32:31 - o.s.o.j.SharedEntityManagerCreator$SharedEntityManagerInvocationHandler - Creating new EntityManager for shared EntityManager invocation
2025-12-14 15:32:31 - org.hibernate.orm.deprecation - HHH90000021: Encountered deprecated setting [javax.persistence.query.timeout], use [jakarta.persistence.query.timeout] instead
2025-12-14 15:32:32 - o.s.o.j.SharedEntityManagerCreator$SharedEntityManagerInvocationHandler - Creating new EntityManager for shared EntityManager invocation
2025-12-14 15:32:32 - o.s.o.j.SharedEntityManagerCreator$SharedEntityManagerInvocationHandler - Creating new EntityManager for shared EntityManager invocation
2025-12-14 15:32:32 - o.s.o.j.SharedEntityManagerCreator$SharedEntityManagerInvocationHandler - Creating new EntityManager for shared EntityManager invocation
2025-12-14 15:32:32 - o.s.o.j.SharedEntityManagerCreator$SharedEntityManagerInvocationHandler - Creating new EntityManager for shared EntityManager invocation
2025-12-14 15:32:32 - o.s.o.j.SharedEntityManagerCreator$SharedEntityManagerInvocationHandler - Creating new EntityManager for shared EntityManager invocation
2025-12-14 15:32:32 - o.s.o.j.SharedEntityManagerCreator$SharedEntityManagerInvocationHandler - Creating new EntityManager for shared EntityManager invocation
2025-12-14 15:32:32 - o.s.o.j.SharedEntityManagerCreator$SharedEntityManagerInvocationHandler - Creating new EntityManager for shared EntityManager invocation
2025-12-14 15:32:32 - o.s.o.j.SharedEntityManagerCreator$SharedEntityManagerInvocationHandler - Creating new EntityManager for shared EntityManager invocation
2025-12-14 15:32:32 - o.s.o.j.SharedEntityManagerCreator$SharedEntityManagerInvocationHandler - Creating new EntityManager for shared EntityManager invocation
2025-12-14 15:32:32 - o.s.o.j.SharedEntityManagerCreator$SharedEntityManagerInvocationHandler - Creating new EntityManager for shared EntityManager invocation
2025-12-14 15:32:32 - o.s.o.j.SharedEntityManagerCreator$SharedEntityManagerInvocationHandler - Creating new EntityManager for shared EntityManager invocation
2025-12-14 15:32:32 - o.s.o.j.SharedEntityManagerCreator$SharedEntityManagerInvocationHandler - Creating new EntityManager for shared EntityManager invocation
2025-12-14 15:32:32 - o.s.o.j.SharedEntityManagerCreator$SharedEntityManagerInvocationHandler - Creating new EntityManager for shared EntityManager invocation
2025-12-14 15:32:32 - o.s.o.j.SharedEntityManagerCreator$SharedEntityManagerInvocationHandler - Creating new EntityManager for shared EntityManager invocation
2025-12-14 15:32:32 - o.s.o.j.SharedEntityManagerCreator$SharedEntityManagerInvocationHandler - Creating new EntityManager for shared EntityManager invocation
2025-12-14 15:32:32 - o.s.o.j.SharedEntityManagerCreator$SharedEntityManagerInvocationHandler - Creating new EntityManager for shared EntityManager invocation
2025-12-14 15:32:32 - o.s.o.j.SharedEntityManagerCreator$SharedEntityManagerInvocationHandler - Creating new EntityManager for shared EntityManager invocation
2025-12-14 15:32:32 - o.s.o.j.SharedEntityManagerCreator$SharedEntityManagerInvocationHandler - Creating new EntityManager for shared EntityManager invocation
2025-12-14 15:32:32 - o.s.o.j.SharedEntityManagerCreator$SharedEntityManagerInvocationHandler - Creating new EntityManager for shared EntityManager invocation
2025-12-14 15:32:32 - o.s.b.a.o.j.JpaBaseConfiguration$JpaWebConfiguration - spring.jpa.open-in-view is enabled by default. Therefore, database queries may be performed during view rendering. Explicitly configure spring.jpa.open-in-view to disable this warning
2025-12-14 15:32:33 - o.s.s.web.DefaultSecurityFilterChain - Will secure any request with [org.springframework.security.web.session.DisableEncodeUrlFilter@47f74d8f, org.springframework.security.web.context.request.async.WebAsyncManagerIntegrationFilter@7dd6aa3e, org.springframework.security.web.context.SecurityContextHolderFilter@2428eadb, org.springframework.security.web.header.HeaderWriterFilter@32fc8a41, org.springframework.web.filter.CorsFilter@398857f8, org.springframework.security.web.authentication.logout.LogoutFilter@5afefa87, com.smboutique.api.security.AuthTokenFilter@c53dfb2, org.springframework.security.web.savedrequest.RequestCacheAwareFilter@74832e40, org.springframework.security.web.servletapi.SecurityContextHolderAwareRequestFilter@1c7108e, org.springframework.security.web.authentication.AnonymousAuthenticationFilter@1d5522e4, org.springframework.security.web.session.SessionManagementFilter@41a7445f, org.springframework.security.web.access.ExceptionTranslationFilter@7c33d81f, org.springframework.security.web.access.intercept.AuthorizationFilter@4b7e2cbb]
2025-12-14 15:32:33 - o.s.b.w.e.tomcat.TomcatWebServer - Tomcat started on port 8085 (http) with context path '/'
2025-12-14 15:32:33 - com.smboutique.api.ApiApplication - Started ApiApplication in 14.066 seconds (process running for 15.216)
2025-12-14 15:32:33 - c.s.api.config.DataInitializer - Starting data initialization...
2025-12-14 15:32:33 - c.s.api.config.DataInitializer - Initializing permissions...
2025-12-14 15:32:33 - o.s.orm.jpa.JpaTransactionManager - Creating new transaction with name [org.springframework.data.jpa.repository.support.SimpleJpaRepository.count]: PROPAGATION_REQUIRED,ISOLATION_DEFAULT,readOnly
2025-12-14 15:32:33 - o.s.orm.jpa.JpaTransactionManager - Opened new EntityManager [SessionImpl(2068333851<open>)] for JPA transaction
2025-12-14 15:32:33 - o.s.orm.jpa.JpaTransactionManager - Exposing JPA transaction as JDBC [org.springframework.orm.jpa.vendor.HibernateJpaDialect$HibernateConnectionHandle@7a2daa29]
2025-12-14 15:32:33 - org.hibernate.orm.deprecation - HHH90000021: Encountered deprecated setting [javax.persistence.query.timeout], use [jakarta.persistence.query.timeout] instead
2025-12-14 15:32:33 - org.hibernate.SQL - 
    select
        count(*) 
    from
        permission p1_0
2025-12-14 15:32:33 - o.s.orm.jpa.JpaTransactionManager - Initiating transaction commit
2025-12-14 15:32:33 - o.s.orm.jpa.JpaTransactionManager - Committing JPA transaction on EntityManager [SessionImpl(2068333851<open>)]
2025-12-14 15:32:33 - o.s.orm.jpa.JpaTransactionManager - Closing JPA EntityManager [SessionImpl(2068333851<open>)] after transaction
2025-12-14 15:32:33 - c.s.api.config.DataInitializer - Permissions already exist, skipping initialization
2025-12-14 15:32:33 - c.s.api.config.DataInitializer - Initializing roles...
2025-12-14 15:32:33 - o.s.orm.jpa.JpaTransactionManager - Creating new transaction with name [org.springframework.data.jpa.repository.support.SimpleJpaRepository.count]: PROPAGATION_REQUIRED,ISOLATION_DEFAULT,readOnly
2025-12-14 15:32:33 - o.s.orm.jpa.JpaTransactionManager - Opened new EntityManager [SessionImpl(891906535<open>)] for JPA transaction
2025-12-14 15:32:33 - o.s.orm.jpa.JpaTransactionManager - Exposing JPA transaction as JDBC [org.springframework.orm.jpa.vendor.HibernateJpaDialect$HibernateConnectionHandle@2900553d]
2025-12-14 15:32:33 - org.hibernate.orm.deprecation - HHH90000021: Encountered deprecated setting [javax.persistence.query.timeout], use [jakarta.persistence.query.timeout] instead
2025-12-14 15:32:33 - org.hibernate.SQL - 
    select
        count(*) 
    from
        role r1_0
2025-12-14 15:32:33 - o.s.orm.jpa.JpaTransactionManager - Initiating transaction commit
2025-12-14 15:32:33 - o.s.orm.jpa.JpaTransactionManager - Committing JPA transaction on EntityManager [SessionImpl(891906535<open>)]
2025-12-14 15:32:33 - o.s.orm.jpa.JpaTransactionManager - Closing JPA EntityManager [SessionImpl(891906535<open>)] after transaction
2025-12-14 15:32:33 - c.s.api.config.DataInitializer - Roles already exist, skipping initialization
2025-12-14 15:32:33 - c.s.api.config.DataInitializer - Initializing boutique...
2025-12-14 15:32:33 - o.s.orm.jpa.JpaTransactionManager - Creating new transaction with name [org.springframework.data.jpa.repository.support.SimpleJpaRepository.count]: PROPAGATION_REQUIRED,ISOLATION_DEFAULT,readOnly
2025-12-14 15:32:33 - o.s.orm.jpa.JpaTransactionManager - Opened new EntityManager [SessionImpl(1669343837<open>)] for JPA transaction
2025-12-14 15:32:33 - o.s.orm.jpa.JpaTransactionManager - Exposing JPA transaction as JDBC [org.springframework.orm.jpa.vendor.HibernateJpaDialect$HibernateConnectionHandle@29e7da9c]
2025-12-14 15:32:33 - org.hibernate.orm.deprecation - HHH90000021: Encountered deprecated setting [javax.persistence.query.timeout], use [jakarta.persistence.query.timeout] instead
2025-12-14 15:32:33 - org.hibernate.SQL - 
    select
        count(*) 
    from
        boutique b1_0
2025-12-14 15:32:33 - o.s.orm.jpa.JpaTransactionManager - Initiating transaction commit
2025-12-14 15:32:33 - o.s.orm.jpa.JpaTransactionManager - Committing JPA transaction on EntityManager [SessionImpl(1669343837<open>)]
2025-12-14 15:32:33 - o.s.orm.jpa.JpaTransactionManager - Closing JPA EntityManager [SessionImpl(1669343837<open>)] after transaction
2025-12-14 15:32:33 - c.s.api.config.DataInitializer - Boutique already exists, skipping initialization
2025-12-14 15:32:33 - c.s.api.config.DataInitializer - Initializing superadmin...
2025-12-14 15:32:33 - o.s.o.j.SharedEntityManagerCreator$SharedEntityManagerInvocationHandler - Creating new EntityManager for shared EntityManager invocation
2025-12-14 15:32:33 - org.hibernate.orm.deprecation - HHH90000021: Encountered deprecated setting [javax.persistence.query.timeout], use [jakarta.persistence.query.timeout] instead
2025-12-14 15:32:33 - org.hibernate.SQL - 
    select
        u1_0.id_utilisateur,
        u1_0.adresse,
        u1_0.avatar,
        u1_0.boutique_id,
        u1_0.contact_utilisateur,
        u1_0.email,
        u1_0.mot_de_passe_utilisateur,
        u1_0.nom_utilisateur,
        u1_0.prenom_utilisateur,
        u1_0.psedeau_utilisateur,
        u1_0.reset_token,
        u1_0.reset_token_expire,
        u1_0.statut,
        u1_0.type_utilisateur 
    from
        utilisateur u1_0 
    where
        upper(u1_0.email)=upper(?)
2025-12-14 15:32:33 - org.hibernate.SQL - 
    select
        r1_0.utilisateur_id,
        r1_1.id_role,
        r1_1.description,
        r1_1.name,
        p1_0.role_id,
        p1_1.id_permission,
        p1_1.description,
        p1_1.name 
    from
        utilisateur_roles r1_0 
    join
        role r1_1 
            on r1_1.id_role=r1_0.role_id 
    left join
        role_permissions p1_0 
            on r1_1.id_role=p1_0.role_id 
    left join
        permission p1_1 
            on p1_1.id_permission=p1_0.permission_id 
    where
        r1_0.utilisateur_id=?
2025-12-14 15:32:34 - org.hibernate.SQL - 
    select
        p1_0.utilisateur_id,
        p1_1.id_permission,
        p1_1.description,
        p1_1.name 
    from
        utilisateur_permissions p1_0 
    join
        permission p1_1 
            on p1_1.id_permission=p1_0.permission_id 
    where
        p1_0.utilisateur_id=?
2025-12-14 15:32:34 - c.s.api.config.DataInitializer - Superadmin already exists, skipping initialization
2025-12-14 15:32:34 - c.s.api.config.DataInitializer - Data initialization completed.
2025-12-14 18:19:38 - o.s.o.j.LocalContainerEntityManagerFactoryBean - Closing JPA EntityManagerFactory for persistence unit 'default'
2025-12-14 18:19:38 - com.zaxxer.hikari.HikariDataSource - HikariPool-1 - Shutdown initiated...
2025-12-14 18:19:38 - com.zaxxer.hikari.HikariDataSource - HikariPool-1 - Shutdown completed.
2025-12-14 19:19:40 - com.smboutique.api.ApiApplication - Starting ApiApplication v0.0.1-SNAPSHOT using Java 21.0.9 with PID 119494 (/home/maitre/SMBOUTIQUE_V2/backend/target/backend-0.0.1-SNAPSHOT.jar started by maitre in /home/maitre/SMBOUTIQUE_V2)
2025-12-14 19:19:40 - com.smboutique.api.ApiApplication - Running with Spring Boot v3.3.0, Spring v6.1.8
2025-12-14 19:19:40 - com.smboutique.api.ApiApplication - No active profile set, falling back to 1 default profile: "default"
2025-12-14 19:19:42 - o.s.d.r.c.RepositoryConfigurationDelegate - Bootstrapping Spring Data JPA repositories in DEFAULT mode.
2025-12-14 19:19:43 - o.s.d.r.c.RepositoryConfigurationDelegate - Finished Spring Data repository scanning in 375 ms. Found 28 JPA repository interfaces.
2025-12-14 19:19:44 - o.s.b.w.e.tomcat.TomcatWebServer - Tomcat initialized with port 8085 (http)
2025-12-14 19:19:44 - o.a.catalina.core.StandardService - Starting service [Tomcat]
2025-12-14 19:19:44 - o.a.catalina.core.StandardEngine - Starting Servlet engine: [Apache Tomcat/10.1.24]
2025-12-14 19:19:45 - o.a.c.c.C.[Tomcat].[localhost].[/] - Initializing Spring embedded WebApplicationContext
2025-12-14 19:19:45 - o.s.b.w.s.c.ServletWebServerApplicationContext - Root WebApplicationContext: initialization completed in 3910 ms
2025-12-14 19:19:45 - o.s.o.j.LocalContainerEntityManagerFactoryBean - Building JPA container EntityManagerFactory for persistence unit 'default'
2025-12-14 19:19:45 - o.h.jpa.internal.util.LogHelper - HHH000204: Processing PersistenceUnitInfo [name: default]
2025-12-14 19:19:45 - org.hibernate.Version - HHH000412: Hibernate ORM core version 6.5.2.Final
2025-12-14 19:19:45 - o.h.c.i.RegionFactoryInitiator - HHH000026: Second-level cache disabled
2025-12-14 19:19:46 - o.s.o.j.p.SpringPersistenceUnitInfo - No LoadTimeWeaver setup: ignoring JPA class transformer
2025-12-14 19:19:46 - com.zaxxer.hikari.HikariDataSource - HikariPool-1 - Starting...
2025-12-14 19:19:46 - com.zaxxer.hikari.pool.HikariPool - HikariPool-1 - Added connection com.mysql.cj.jdbc.ConnectionImpl@6cc90398
2025-12-14 19:19:46 - com.zaxxer.hikari.HikariDataSource - HikariPool-1 - Start completed.
2025-12-14 19:19:46 - org.hibernate.orm.deprecation - HHH90000025: MySQL8Dialect does not need to be specified explicitly using 'hibernate.dialect' (remove the property setting and it will be selected by default)
2025-12-14 19:19:46 - org.hibernate.orm.deprecation - HHH90000026: MySQL8Dialect has been deprecated; use org.hibernate.dialect.MySQLDialect instead
2025-12-14 19:19:49 - o.h.e.t.j.p.i.JtaPlatformInitiator - HHH000489: No JTA platform available (set 'hibernate.transaction.jta.platform' to enable JTA platform integration)
2025-12-14 19:19:50 - o.s.o.j.LocalContainerEntityManagerFactoryBean - Initialized JPA EntityManagerFactory for persistence unit 'default'
2025-12-14 19:19:50 - o.s.o.j.SharedEntityManagerCreator$SharedEntityManagerInvocationHandler - Creating new EntityManager for shared EntityManager invocation
2025-12-14 19:19:50 - o.s.o.j.SharedEntityManagerCreator$SharedEntityManagerInvocationHandler - Creating new EntityManager for shared EntityManager invocation
2025-12-14 19:19:50 - o.s.o.j.SharedEntityManagerCreator$SharedEntityManagerInvocationHandler - Creating new EntityManager for shared EntityManager invocation
2025-12-14 19:19:50 - o.s.o.j.SharedEntityManagerCreator$SharedEntityManagerInvocationHandler - Creating new EntityManager for shared EntityManager invocation
2025-12-14 19:19:50 - o.s.o.j.SharedEntityManagerCreator$SharedEntityManagerInvocationHandler - Creating new EntityManager for shared EntityManager invocation
2025-12-14 19:19:50 - o.s.o.j.SharedEntityManagerCreator$SharedEntityManagerInvocationHandler - Creating new EntityManager for shared EntityManager invocation
2025-12-14 19:19:50 - c.s.api.security.AuthTokenFilter - Filter 'authTokenFilter' configured for use
2025-12-14 19:19:50 - c.s.api.security.AuthTokenFilter - Filter 'authenticationJwtTokenFilter' configured for use
2025-12-14 19:19:50 - o.s.o.j.SharedEntityManagerCreator$SharedEntityManagerInvocationHandler - Creating new EntityManager for shared EntityManager invocation
2025-12-14 19:19:50 - o.s.o.j.SharedEntityManagerCreator$SharedEntityManagerInvocationHandler - Creating new EntityManager for shared EntityManager invocation
2025-12-14 19:19:50 - o.s.o.j.SharedEntityManagerCreator$SharedEntityManagerInvocationHandler - Creating new EntityManager for shared EntityManager invocation
2025-12-14 19:19:51 - o.s.o.j.SharedEntityManagerCreator$SharedEntityManagerInvocationHandler - Creating new EntityManager for shared EntityManager invocation
2025-12-14 19:19:51 - o.s.o.j.SharedEntityManagerCreator$SharedEntityManagerInvocationHandler - Creating new EntityManager for shared EntityManager invocation
2025-12-14 19:19:51 - o.s.d.j.r.query.QueryEnhancerFactory - Hibernate is in classpath; If applicable, HQL parser will be used.
2025-12-14 19:19:51 - o.s.o.j.SharedEntityManagerCreator$SharedEntityManagerInvocationHandler - Creating new EntityManager for shared EntityManager invocation
2025-12-14 19:19:52 - org.hibernate.orm.deprecation - HHH90000021: Encountered deprecated setting [javax.persistence.query.timeout], use [jakarta.persistence.query.timeout] instead
2025-12-14 19:19:52 - o.s.o.j.SharedEntityManagerCreator$SharedEntityManagerInvocationHandler - Creating new EntityManager for shared EntityManager invocation
2025-12-14 19:19:52 - o.s.o.j.SharedEntityManagerCreator$SharedEntityManagerInvocationHandler - Creating new EntityManager for shared EntityManager invocation
2025-12-14 19:19:52 - o.s.o.j.SharedEntityManagerCreator$SharedEntityManagerInvocationHandler - Creating new EntityManager for shared EntityManager invocation
2025-12-14 19:19:52 - org.hibernate.orm.deprecation - HHH90000021: Encountered deprecated setting [javax.persistence.query.timeout], use [jakarta.persistence.query.timeout] instead
2025-12-14 19:19:52 - o.s.o.j.SharedEntityManagerCreator$SharedEntityManagerInvocationHandler - Creating new EntityManager for shared EntityManager invocation
2025-12-14 19:19:52 - o.s.o.j.SharedEntityManagerCreator$SharedEntityManagerInvocationHandler - Creating new EntityManager for shared EntityManager invocation
2025-12-14 19:19:52 - o.s.o.j.SharedEntityManagerCreator$SharedEntityManagerInvocationHandler - Creating new EntityManager for shared EntityManager invocation
2025-12-14 19:19:52 - o.s.o.j.SharedEntityManagerCreator$SharedEntityManagerInvocationHandler - Creating new EntityManager for shared EntityManager invocation
2025-12-14 19:19:52 - o.s.o.j.SharedEntityManagerCreator$SharedEntityManagerInvocationHandler - Creating new EntityManager for shared EntityManager invocation
2025-12-14 19:19:52 - o.s.o.j.SharedEntityManagerCreator$SharedEntityManagerInvocationHandler - Creating new EntityManager for shared EntityManager invocation
2025-12-14 19:19:52 - o.s.o.j.SharedEntityManagerCreator$SharedEntityManagerInvocationHandler - Creating new EntityManager for shared EntityManager invocation
2025-12-14 19:19:52 - o.s.o.j.SharedEntityManagerCreator$SharedEntityManagerInvocationHandler - Creating new EntityManager for shared EntityManager invocation
2025-12-14 19:19:52 - o.s.o.j.SharedEntityManagerCreator$SharedEntityManagerInvocationHandler - Creating new EntityManager for shared EntityManager invocation
2025-12-14 19:19:52 - o.s.o.j.SharedEntityManagerCreator$SharedEntityManagerInvocationHandler - Creating new EntityManager for shared EntityManager invocation
2025-12-14 19:19:52 - o.s.o.j.SharedEntityManagerCreator$SharedEntityManagerInvocationHandler - Creating new EntityManager for shared EntityManager invocation
2025-12-14 19:19:52 - o.s.o.j.SharedEntityManagerCreator$SharedEntityManagerInvocationHandler - Creating new EntityManager for shared EntityManager invocation
2025-12-14 19:19:52 - o.s.o.j.SharedEntityManagerCreator$SharedEntityManagerInvocationHandler - Creating new EntityManager for shared EntityManager invocation
2025-12-14 19:19:52 - o.s.o.j.SharedEntityManagerCreator$SharedEntityManagerInvocationHandler - Creating new EntityManager for shared EntityManager invocation
2025-12-14 19:19:52 - o.s.o.j.SharedEntityManagerCreator$SharedEntityManagerInvocationHandler - Creating new EntityManager for shared EntityManager invocation
2025-12-14 19:19:52 - o.s.o.j.SharedEntityManagerCreator$SharedEntityManagerInvocationHandler - Creating new EntityManager for shared EntityManager invocation
2025-12-14 19:19:52 - o.s.o.j.SharedEntityManagerCreator$SharedEntityManagerInvocationHandler - Creating new EntityManager for shared EntityManager invocation
2025-12-14 19:19:52 - o.s.o.j.SharedEntityManagerCreator$SharedEntityManagerInvocationHandler - Creating new EntityManager for shared EntityManager invocation
2025-12-14 19:19:52 - o.s.o.j.SharedEntityManagerCreator$SharedEntityManagerInvocationHandler - Creating new EntityManager for shared EntityManager invocation
2025-12-14 19:19:52 - o.s.o.j.SharedEntityManagerCreator$SharedEntityManagerInvocationHandler - Creating new EntityManager for shared EntityManager invocation
2025-12-14 19:19:52 - o.s.o.j.SharedEntityManagerCreator$SharedEntityManagerInvocationHandler - Creating new EntityManager for shared EntityManager invocation
2025-12-14 19:19:52 - o.s.s.c.a.a.c.InitializeAuthenticationProviderBeanManagerConfigurer$InitializeAuthenticationProviderManagerConfigurer - Global AuthenticationManager configured with AuthenticationProvider bean with name authenticationProvider
2025-12-14 19:19:52 - o.s.s.c.a.a.c.InitializeUserDetailsBeanManagerConfigurer$InitializeUserDetailsManagerConfigurer - Global AuthenticationManager configured with an AuthenticationProvider bean. UserDetailsService beans will not be used for username/password login. Consider removing the AuthenticationProvider bean. Alternatively, consider using the UserDetailsService in a manually instantiated DaoAuthenticationProvider.
2025-12-14 19:19:52 - o.s.o.j.SharedEntityManagerCreator$SharedEntityManagerInvocationHandler - Creating new EntityManager for shared EntityManager invocation
2025-12-14 19:19:52 - o.s.o.j.SharedEntityManagerCreator$SharedEntityManagerInvocationHandler - Creating new EntityManager for shared EntityManager invocation
2025-12-14 19:19:52 - o.s.o.j.SharedEntityManagerCreator$SharedEntityManagerInvocationHandler - Creating new EntityManager for shared EntityManager invocation
2025-12-14 19:19:52 - o.s.o.j.SharedEntityManagerCreator$SharedEntityManagerInvocationHandler - Creating new EntityManager for shared EntityManager invocation
2025-12-14 19:19:52 - o.s.o.j.SharedEntityManagerCreator$SharedEntityManagerInvocationHandler - Creating new EntityManager for shared EntityManager invocation
2025-12-14 19:19:52 - o.s.o.j.SharedEntityManagerCreator$SharedEntityManagerInvocationHandler - Creating new EntityManager for shared EntityManager invocation
2025-12-14 19:19:52 - o.s.o.j.SharedEntityManagerCreator$SharedEntityManagerInvocationHandler - Creating new EntityManager for shared EntityManager invocation
2025-12-14 19:19:53 - o.s.o.j.SharedEntityManagerCreator$SharedEntityManagerInvocationHandler - Creating new EntityManager for shared EntityManager invocation
2025-12-14 19:19:53 - o.s.o.j.SharedEntityManagerCreator$SharedEntityManagerInvocationHandler - Creating new EntityManager for shared EntityManager invocation
2025-12-14 19:19:53 - o.s.o.j.SharedEntityManagerCreator$SharedEntityManagerInvocationHandler - Creating new EntityManager for shared EntityManager invocation
2025-12-14 19:19:53 - o.s.o.j.SharedEntityManagerCreator$SharedEntityManagerInvocationHandler - Creating new EntityManager for shared EntityManager invocation
2025-12-14 19:19:53 - o.s.o.j.SharedEntityManagerCreator$SharedEntityManagerInvocationHandler - Creating new EntityManager for shared EntityManager invocation
2025-12-14 19:19:53 - o.s.o.j.SharedEntityManagerCreator$SharedEntityManagerInvocationHandler - Creating new EntityManager for shared EntityManager invocation
2025-12-14 19:19:53 - o.s.o.j.SharedEntityManagerCreator$SharedEntityManagerInvocationHandler - Creating new EntityManager for shared EntityManager invocation
2025-12-14 19:19:53 - o.s.o.j.SharedEntityManagerCreator$SharedEntityManagerInvocationHandler - Creating new EntityManager for shared EntityManager invocation
2025-12-14 19:19:53 - o.s.o.j.SharedEntityManagerCreator$SharedEntityManagerInvocationHandler - Creating new EntityManager for shared EntityManager invocation
2025-12-14 19:19:53 - o.s.o.j.SharedEntityManagerCreator$SharedEntityManagerInvocationHandler - Creating new EntityManager for shared EntityManager invocation
2025-12-14 19:19:53 - o.s.o.j.SharedEntityManagerCreator$SharedEntityManagerInvocationHandler - Creating new EntityManager for shared EntityManager invocation
2025-12-14 19:19:53 - o.s.o.j.SharedEntityManagerCreator$SharedEntityManagerInvocationHandler - Creating new EntityManager for shared EntityManager invocation
2025-12-14 19:19:53 - o.s.o.j.SharedEntityManagerCreator$SharedEntityManagerInvocationHandler - Creating new EntityManager for shared EntityManager invocation
2025-12-14 19:19:53 - o.s.o.j.SharedEntityManagerCreator$SharedEntityManagerInvocationHandler - Creating new EntityManager for shared EntityManager invocation
2025-12-14 19:19:53 - o.s.o.j.SharedEntityManagerCreator$SharedEntityManagerInvocationHandler - Creating new EntityManager for shared EntityManager invocation
2025-12-14 19:19:53 - o.s.o.j.SharedEntityManagerCreator$SharedEntityManagerInvocationHandler - Creating new EntityManager for shared EntityManager invocation
2025-12-14 19:19:53 - org.hibernate.orm.deprecation - HHH90000021: Encountered deprecated setting [javax.persistence.query.timeout], use [jakarta.persistence.query.timeout] instead
2025-12-14 19:19:53 - o.s.o.j.SharedEntityManagerCreator$SharedEntityManagerInvocationHandler - Creating new EntityManager for shared EntityManager invocation
2025-12-14 19:19:53 - o.s.o.j.SharedEntityManagerCreator$SharedEntityManagerInvocationHandler - Creating new EntityManager for shared EntityManager invocation
2025-12-14 19:19:53 - o.s.o.j.SharedEntityManagerCreator$SharedEntityManagerInvocationHandler - Creating new EntityManager for shared EntityManager invocation
2025-12-14 19:19:53 - o.s.o.j.SharedEntityManagerCreator$SharedEntityManagerInvocationHandler - Creating new EntityManager for shared EntityManager invocation
2025-12-14 19:19:53 - o.s.o.j.SharedEntityManagerCreator$SharedEntityManagerInvocationHandler - Creating new EntityManager for shared EntityManager invocation
2025-12-14 19:19:53 - o.s.o.j.SharedEntityManagerCreator$SharedEntityManagerInvocationHandler - Creating new EntityManager for shared EntityManager invocation
2025-12-14 19:19:53 - o.s.o.j.SharedEntityManagerCreator$SharedEntityManagerInvocationHandler - Creating new EntityManager for shared EntityManager invocation
2025-12-14 19:19:53 - o.s.o.j.SharedEntityManagerCreator$SharedEntityManagerInvocationHandler - Creating new EntityManager for shared EntityManager invocation
2025-12-14 19:19:53 - o.s.o.j.SharedEntityManagerCreator$SharedEntityManagerInvocationHandler - Creating new EntityManager for shared EntityManager invocation
2025-12-14 19:19:53 - o.s.o.j.SharedEntityManagerCreator$SharedEntityManagerInvocationHandler - Creating new EntityManager for shared EntityManager invocation
2025-12-14 19:19:53 - o.s.o.j.SharedEntityManagerCreator$SharedEntityManagerInvocationHandler - Creating new EntityManager for shared EntityManager invocation
2025-12-14 19:19:53 - o.s.o.j.SharedEntityManagerCreator$SharedEntityManagerInvocationHandler - Creating new EntityManager for shared EntityManager invocation
2025-12-14 19:19:53 - o.s.o.j.SharedEntityManagerCreator$SharedEntityManagerInvocationHandler - Creating new EntityManager for shared EntityManager invocation
2025-12-14 19:19:53 - o.s.o.j.SharedEntityManagerCreator$SharedEntityManagerInvocationHandler - Creating new EntityManager for shared EntityManager invocation
2025-12-14 19:19:53 - o.s.o.j.SharedEntityManagerCreator$SharedEntityManagerInvocationHandler - Creating new EntityManager for shared EntityManager invocation
2025-12-14 19:19:53 - o.s.o.j.SharedEntityManagerCreator$SharedEntityManagerInvocationHandler - Creating new EntityManager for shared EntityManager invocation
2025-12-14 19:19:53 - o.s.o.j.SharedEntityManagerCreator$SharedEntityManagerInvocationHandler - Creating new EntityManager for shared EntityManager invocation
2025-12-14 19:19:53 - o.s.o.j.SharedEntityManagerCreator$SharedEntityManagerInvocationHandler - Creating new EntityManager for shared EntityManager invocation
2025-12-14 19:19:53 - o.s.o.j.SharedEntityManagerCreator$SharedEntityManagerInvocationHandler - Creating new EntityManager for shared EntityManager invocation
2025-12-14 19:19:53 - o.s.b.a.o.j.JpaBaseConfiguration$JpaWebConfiguration - spring.jpa.open-in-view is enabled by default. Therefore, database queries may be performed during view rendering. Explicitly configure spring.jpa.open-in-view to disable this warning
2025-12-14 19:19:54 - o.s.s.web.DefaultSecurityFilterChain - Will secure any request with [org.springframework.security.web.session.DisableEncodeUrlFilter@7ce00985, org.springframework.security.web.context.request.async.WebAsyncManagerIntegrationFilter@257f8040, org.springframework.security.web.context.SecurityContextHolderFilter@527304ae, org.springframework.security.web.header.HeaderWriterFilter@3f8c695d, org.springframework.web.filter.CorsFilter@476a0071, org.springframework.security.web.authentication.logout.LogoutFilter@5dcaa37a, com.smboutique.api.security.AuthTokenFilter@503b5337, org.springframework.security.web.savedrequest.RequestCacheAwareFilter@1e366736, org.springframework.security.web.servletapi.SecurityContextHolderAwareRequestFilter@6451fd0e, org.springframework.security.web.authentication.AnonymousAuthenticationFilter@372ea7fa, org.springframework.security.web.session.SessionManagementFilter@584bfadb, org.springframework.security.web.access.ExceptionTranslationFilter@74b57299, org.springframework.security.web.access.intercept.AuthorizationFilter@4d829889]
2025-12-14 19:19:54 - o.s.b.w.e.tomcat.TomcatWebServer - Tomcat started on port 8085 (http) with context path '/'
2025-12-14 19:19:54 - com.smboutique.api.ApiApplication - Started ApiApplication in 15.371 seconds (process running for 17.623)
2025-12-14 19:19:54 - c.s.api.config.DataInitializer - Starting data initialization...
2025-12-14 19:19:54 - c.s.api.config.DataInitializer - Initializing permissions...
2025-12-14 19:19:54 - o.s.orm.jpa.JpaTransactionManager - Creating new transaction with name [org.springframework.data.jpa.repository.support.SimpleJpaRepository.count]: PROPAGATION_REQUIRED,ISOLATION_DEFAULT,readOnly
2025-12-14 19:19:54 - o.s.orm.jpa.JpaTransactionManager - Opened new EntityManager [SessionImpl(1545629340<open>)] for JPA transaction
2025-12-14 19:19:54 - o.s.orm.jpa.JpaTransactionManager - Exposing JPA transaction as JDBC [org.springframework.orm.jpa.vendor.HibernateJpaDialect$HibernateConnectionHandle@1fa81c78]
2025-12-14 19:19:54 - org.hibernate.orm.deprecation - HHH90000021: Encountered deprecated setting [javax.persistence.query.timeout], use [jakarta.persistence.query.timeout] instead
2025-12-14 19:19:55 - org.hibernate.SQL - 
    select
        count(*) 
    from
        permission p1_0
2025-12-14 19:19:55 - o.s.orm.jpa.JpaTransactionManager - Initiating transaction commit
2025-12-14 19:19:55 - o.s.orm.jpa.JpaTransactionManager - Committing JPA transaction on EntityManager [SessionImpl(1545629340<open>)]
2025-12-14 19:19:55 - o.s.orm.jpa.JpaTransactionManager - Closing JPA EntityManager [SessionImpl(1545629340<open>)] after transaction
2025-12-14 19:19:55 - c.s.api.config.DataInitializer - Permissions already exist, skipping initialization
2025-12-14 19:19:55 - c.s.api.config.DataInitializer - Initializing roles...
2025-12-14 19:19:55 - o.s.orm.jpa.JpaTransactionManager - Creating new transaction with name [org.springframework.data.jpa.repository.support.SimpleJpaRepository.count]: PROPAGATION_REQUIRED,ISOLATION_DEFAULT,readOnly
2025-12-14 19:19:55 - o.s.orm.jpa.JpaTransactionManager - Opened new EntityManager [SessionImpl(624454288<open>)] for JPA transaction
2025-12-14 19:19:55 - o.s.orm.jpa.JpaTransactionManager - Exposing JPA transaction as JDBC [org.springframework.orm.jpa.vendor.HibernateJpaDialect$HibernateConnectionHandle@7d3af2f0]
2025-12-14 19:19:55 - org.hibernate.orm.deprecation - HHH90000021: Encountered deprecated setting [javax.persistence.query.timeout], use [jakarta.persistence.query.timeout] instead
2025-12-14 19:19:55 - org.hibernate.SQL - 
    select
        count(*) 
    from
        role r1_0
2025-12-14 19:19:55 - o.s.orm.jpa.JpaTransactionManager - Initiating transaction commit
2025-12-14 19:19:55 - o.s.orm.jpa.JpaTransactionManager - Committing JPA transaction on EntityManager [SessionImpl(624454288<open>)]
2025-12-14 19:19:55 - o.s.orm.jpa.JpaTransactionManager - Closing JPA EntityManager [SessionImpl(624454288<open>)] after transaction
2025-12-14 19:19:55 - c.s.api.config.DataInitializer - Roles already exist, skipping initialization
2025-12-14 19:19:55 - c.s.api.config.DataInitializer - Initializing boutique...
2025-12-14 19:19:55 - o.s.orm.jpa.JpaTransactionManager - Creating new transaction with name [org.springframework.data.jpa.repository.support.SimpleJpaRepository.count]: PROPAGATION_REQUIRED,ISOLATION_DEFAULT,readOnly
2025-12-14 19:19:55 - o.s.orm.jpa.JpaTransactionManager - Opened new EntityManager [SessionImpl(148262967<open>)] for JPA transaction
2025-12-14 19:19:55 - o.s.orm.jpa.JpaTransactionManager - Exposing JPA transaction as JDBC [org.springframework.orm.jpa.vendor.HibernateJpaDialect$HibernateConnectionHandle@6cce1f60]
2025-12-14 19:19:55 - org.hibernate.orm.deprecation - HHH90000021: Encountered deprecated setting [javax.persistence.query.timeout], use [jakarta.persistence.query.timeout] instead
2025-12-14 19:19:55 - org.hibernate.SQL - 
    select
        count(*) 
    from
        boutique b1_0
2025-12-14 19:19:55 - o.s.orm.jpa.JpaTransactionManager - Initiating transaction commit
2025-12-14 19:19:55 - o.s.orm.jpa.JpaTransactionManager - Committing JPA transaction on EntityManager [SessionImpl(148262967<open>)]
2025-12-14 19:19:55 - o.s.orm.jpa.JpaTransactionManager - Closing JPA EntityManager [SessionImpl(148262967<open>)] after transaction
2025-12-14 19:19:55 - c.s.api.config.DataInitializer - Boutique already exists, skipping initialization
2025-12-14 19:19:55 - c.s.api.config.DataInitializer - Initializing superadmin...
2025-12-14 19:19:55 - o.s.o.j.SharedEntityManagerCreator$SharedEntityManagerInvocationHandler - Creating new EntityManager for shared EntityManager invocation
2025-12-14 19:19:55 - org.hibernate.orm.deprecation - HHH90000021: Encountered deprecated setting [javax.persistence.query.timeout], use [jakarta.persistence.query.timeout] instead
2025-12-14 19:19:55 - org.hibernate.SQL - 
    select
        u1_0.id_utilisateur,
        u1_0.adresse,
        u1_0.avatar,
        u1_0.boutique_id,
        u1_0.contact_utilisateur,
        u1_0.email,
        u1_0.mot_de_passe_utilisateur,
        u1_0.nom_utilisateur,
        u1_0.prenom_utilisateur,
        u1_0.psedeau_utilisateur,
        u1_0.reset_token,
        u1_0.reset_token_expire,
        u1_0.statut,
        u1_0.type_utilisateur 
    from
        utilisateur u1_0 
    where
        upper(u1_0.email)=upper(?)
2025-12-14 19:19:55 - org.hibernate.SQL - 
    select
        r1_0.utilisateur_id,
        r1_1.id_role,
        r1_1.description,
        r1_1.name,
        p1_0.role_id,
        p1_1.id_permission,
        p1_1.description,
        p1_1.name 
    from
        utilisateur_roles r1_0 
    join
        role r1_1 
            on r1_1.id_role=r1_0.role_id 
    left join
        role_permissions p1_0 
            on r1_1.id_role=p1_0.role_id 
    left join
        permission p1_1 
            on p1_1.id_permission=p1_0.permission_id 
    where
        r1_0.utilisateur_id=?
2025-12-14 19:19:55 - org.hibernate.SQL - 
    select
        p1_0.utilisateur_id,
        p1_1.id_permission,
        p1_1.description,
        p1_1.name 
    from
        utilisateur_permissions p1_0 
    join
        permission p1_1 
            on p1_1.id_permission=p1_0.permission_id 
    where
        p1_0.utilisateur_id=?
2025-12-14 19:19:55 - c.s.api.config.DataInitializer - Superadmin already exists, skipping initialization
2025-12-14 19:19:55 - c.s.api.config.DataInitializer - Data initialization completed.
2025-12-14 19:22:16 - o.s.o.j.LocalContainerEntityManagerFactoryBean - Closing JPA EntityManagerFactory for persistence unit 'default'
2025-12-14 19:22:16 - com.zaxxer.hikari.HikariDataSource - HikariPool-1 - Shutdown initiated...
2025-12-14 19:22:16 - com.zaxxer.hikari.HikariDataSource - HikariPool-1 - Shutdown completed.
2025-12-14 19:28:58 - com.smboutique.api.ApiApplication - Starting ApiApplication v0.0.1-SNAPSHOT using Java 21.0.9 with PID 124310 (/home/maitre/SMBOUTIQUE_V2/backend/target/backend-0.0.1-SNAPSHOT.jar started by maitre in /home/maitre/SMBOUTIQUE_V2)
2025-12-14 19:28:58 - com.smboutique.api.ApiApplication - Running with Spring Boot v3.3.0, Spring v6.1.8
2025-12-14 19:28:58 - com.smboutique.api.ApiApplication - No active profile set, falling back to 1 default profile: "default"
2025-12-14 19:29:00 - o.s.d.r.c.RepositoryConfigurationDelegate - Bootstrapping Spring Data JPA repositories in DEFAULT mode.
2025-12-14 19:29:01 - o.s.d.r.c.RepositoryConfigurationDelegate - Finished Spring Data repository scanning in 337 ms. Found 28 JPA repository interfaces.
2025-12-14 19:29:02 - o.s.b.w.e.tomcat.TomcatWebServer - Tomcat initialized with port 8085 (http)
2025-12-14 19:29:02 - o.a.catalina.core.StandardService - Starting service [Tomcat]
2025-12-14 19:29:02 - o.a.catalina.core.StandardEngine - Starting Servlet engine: [Apache Tomcat/10.1.24]
2025-12-14 19:29:03 - o.a.c.c.C.[Tomcat].[localhost].[/] - Initializing Spring embedded WebApplicationContext
2025-12-14 19:29:03 - o.s.b.w.s.c.ServletWebServerApplicationContext - Root WebApplicationContext: initialization completed in 4046 ms
2025-12-14 19:29:03 - o.s.o.j.LocalContainerEntityManagerFactoryBean - Building JPA container EntityManagerFactory for persistence unit 'default'
2025-12-14 19:29:03 - o.h.jpa.internal.util.LogHelper - HHH000204: Processing PersistenceUnitInfo [name: default]
2025-12-14 19:29:03 - org.hibernate.Version - HHH000412: Hibernate ORM core version 6.5.2.Final
2025-12-14 19:29:03 - o.h.c.i.RegionFactoryInitiator - HHH000026: Second-level cache disabled
2025-12-14 19:29:04 - o.s.o.j.p.SpringPersistenceUnitInfo - No LoadTimeWeaver setup: ignoring JPA class transformer
2025-12-14 19:29:04 - com.zaxxer.hikari.HikariDataSource - HikariPool-1 - Starting...
2025-12-14 19:29:04 - com.zaxxer.hikari.pool.HikariPool - HikariPool-1 - Added connection com.mysql.cj.jdbc.ConnectionImpl@ab2009f
2025-12-14 19:29:04 - com.zaxxer.hikari.HikariDataSource - HikariPool-1 - Start completed.
2025-12-14 19:29:04 - org.hibernate.orm.deprecation - HHH90000025: MySQL8Dialect does not need to be specified explicitly using 'hibernate.dialect' (remove the property setting and it will be selected by default)
2025-12-14 19:29:04 - org.hibernate.orm.deprecation - HHH90000026: MySQL8Dialect has been deprecated; use org.hibernate.dialect.MySQLDialect instead
2025-12-14 19:29:07 - o.h.e.t.j.p.i.JtaPlatformInitiator - HHH000489: No JTA platform available (set 'hibernate.transaction.jta.platform' to enable JTA platform integration)
2025-12-14 19:29:08 - o.s.o.j.LocalContainerEntityManagerFactoryBean - Initialized JPA EntityManagerFactory for persistence unit 'default'
2025-12-14 19:29:08 - o.s.o.j.SharedEntityManagerCreator$SharedEntityManagerInvocationHandler - Creating new EntityManager for shared EntityManager invocation
2025-12-14 19:29:08 - o.s.o.j.SharedEntityManagerCreator$SharedEntityManagerInvocationHandler - Creating new EntityManager for shared EntityManager invocation
2025-12-14 19:29:08 - o.s.o.j.SharedEntityManagerCreator$SharedEntityManagerInvocationHandler - Creating new EntityManager for shared EntityManager invocation
2025-12-14 19:29:08 - o.s.o.j.SharedEntityManagerCreator$SharedEntityManagerInvocationHandler - Creating new EntityManager for shared EntityManager invocation
2025-12-14 19:29:08 - o.s.o.j.SharedEntityManagerCreator$SharedEntityManagerInvocationHandler - Creating new EntityManager for shared EntityManager invocation
2025-12-14 19:29:08 - o.s.o.j.SharedEntityManagerCreator$SharedEntityManagerInvocationHandler - Creating new EntityManager for shared EntityManager invocation
2025-12-14 19:29:08 - c.s.api.security.AuthTokenFilter - Filter 'authTokenFilter' configured for use
2025-12-14 19:29:08 - c.s.api.security.AuthTokenFilter - Filter 'authenticationJwtTokenFilter' configured for use
2025-12-14 19:29:08 - o.s.o.j.SharedEntityManagerCreator$SharedEntityManagerInvocationHandler - Creating new EntityManager for shared EntityManager invocation
2025-12-14 19:29:08 - o.s.o.j.SharedEntityManagerCreator$SharedEntityManagerInvocationHandler - Creating new EntityManager for shared EntityManager invocation
2025-12-14 19:29:08 - o.s.o.j.SharedEntityManagerCreator$SharedEntityManagerInvocationHandler - Creating new EntityManager for shared EntityManager invocation
2025-12-14 19:29:08 - o.s.o.j.SharedEntityManagerCreator$SharedEntityManagerInvocationHandler - Creating new EntityManager for shared EntityManager invocation
2025-12-14 19:29:08 - o.s.o.j.SharedEntityManagerCreator$SharedEntityManagerInvocationHandler - Creating new EntityManager for shared EntityManager invocation
2025-12-14 19:29:08 - o.s.d.j.r.query.QueryEnhancerFactory - Hibernate is in classpath; If applicable, HQL parser will be used.
2025-12-14 19:29:09 - o.s.o.j.SharedEntityManagerCreator$SharedEntityManagerInvocationHandler - Creating new EntityManager for shared EntityManager invocation
2025-12-14 19:29:10 - org.hibernate.orm.deprecation - HHH90000021: Encountered deprecated setting [javax.persistence.query.timeout], use [jakarta.persistence.query.timeout] instead
2025-12-14 19:29:10 - o.s.o.j.SharedEntityManagerCreator$SharedEntityManagerInvocationHandler - Creating new EntityManager for shared EntityManager invocation
2025-12-14 19:29:10 - o.s.o.j.SharedEntityManagerCreator$SharedEntityManagerInvocationHandler - Creating new EntityManager for shared EntityManager invocation
2025-12-14 19:29:10 - o.s.o.j.SharedEntityManagerCreator$SharedEntityManagerInvocationHandler - Creating new EntityManager for shared EntityManager invocation
2025-12-14 19:29:10 - org.hibernate.orm.deprecation - HHH90000021: Encountered deprecated setting [javax.persistence.query.timeout], use [jakarta.persistence.query.timeout] instead
2025-12-14 19:29:10 - o.s.o.j.SharedEntityManagerCreator$SharedEntityManagerInvocationHandler - Creating new EntityManager for shared EntityManager invocation
2025-12-14 19:29:10 - o.s.o.j.SharedEntityManagerCreator$SharedEntityManagerInvocationHandler - Creating new EntityManager for shared EntityManager invocation
2025-12-14 19:29:10 - o.s.o.j.SharedEntityManagerCreator$SharedEntityManagerInvocationHandler - Creating new EntityManager for shared EntityManager invocation
2025-12-14 19:29:10 - o.s.o.j.SharedEntityManagerCreator$SharedEntityManagerInvocationHandler - Creating new EntityManager for shared EntityManager invocation
2025-12-14 19:29:10 - o.s.o.j.SharedEntityManagerCreator$SharedEntityManagerInvocationHandler - Creating new EntityManager for shared EntityManager invocation
2025-12-14 19:29:10 - o.s.o.j.SharedEntityManagerCreator$SharedEntityManagerInvocationHandler - Creating new EntityManager for shared EntityManager invocation
2025-12-14 19:29:10 - o.s.o.j.SharedEntityManagerCreator$SharedEntityManagerInvocationHandler - Creating new EntityManager for shared EntityManager invocation
2025-12-14 19:29:10 - o.s.o.j.SharedEntityManagerCreator$SharedEntityManagerInvocationHandler - Creating new EntityManager for shared EntityManager invocation
2025-12-14 19:29:10 - o.s.o.j.SharedEntityManagerCreator$SharedEntityManagerInvocationHandler - Creating new EntityManager for shared EntityManager invocation
2025-12-14 19:29:10 - o.s.o.j.SharedEntityManagerCreator$SharedEntityManagerInvocationHandler - Creating new EntityManager for shared EntityManager invocation
2025-12-14 19:29:10 - o.s.o.j.SharedEntityManagerCreator$SharedEntityManagerInvocationHandler - Creating new EntityManager for shared EntityManager invocation
2025-12-14 19:29:10 - o.s.o.j.SharedEntityManagerCreator$SharedEntityManagerInvocationHandler - Creating new EntityManager for shared EntityManager invocation
2025-12-14 19:29:10 - o.s.o.j.SharedEntityManagerCreator$SharedEntityManagerInvocationHandler - Creating new EntityManager for shared EntityManager invocation
2025-12-14 19:29:10 - o.s.o.j.SharedEntityManagerCreator$SharedEntityManagerInvocationHandler - Creating new EntityManager for shared EntityManager invocation
2025-12-14 19:29:10 - o.s.o.j.SharedEntityManagerCreator$SharedEntityManagerInvocationHandler - Creating new EntityManager for shared EntityManager invocation
2025-12-14 19:29:10 - o.s.o.j.SharedEntityManagerCreator$SharedEntityManagerInvocationHandler - Creating new EntityManager for shared EntityManager invocation
2025-12-14 19:29:10 - o.s.o.j.SharedEntityManagerCreator$SharedEntityManagerInvocationHandler - Creating new EntityManager for shared EntityManager invocation
2025-12-14 19:29:10 - o.s.o.j.SharedEntityManagerCreator$SharedEntityManagerInvocationHandler - Creating new EntityManager for shared EntityManager invocation
2025-12-14 19:29:10 - o.s.o.j.SharedEntityManagerCreator$SharedEntityManagerInvocationHandler - Creating new EntityManager for shared EntityManager invocation
2025-12-14 19:29:10 - o.s.o.j.SharedEntityManagerCreator$SharedEntityManagerInvocationHandler - Creating new EntityManager for shared EntityManager invocation
2025-12-14 19:29:10 - o.s.o.j.SharedEntityManagerCreator$SharedEntityManagerInvocationHandler - Creating new EntityManager for shared EntityManager invocation
2025-12-14 19:29:10 - o.s.s.c.a.a.c.InitializeAuthenticationProviderBeanManagerConfigurer$InitializeAuthenticationProviderManagerConfigurer - Global AuthenticationManager configured with AuthenticationProvider bean with name authenticationProvider
2025-12-14 19:29:10 - o.s.s.c.a.a.c.InitializeUserDetailsBeanManagerConfigurer$InitializeUserDetailsManagerConfigurer - Global AuthenticationManager configured with an AuthenticationProvider bean. UserDetailsService beans will not be used for username/password login. Consider removing the AuthenticationProvider bean. Alternatively, consider using the UserDetailsService in a manually instantiated DaoAuthenticationProvider.
2025-12-14 19:29:10 - o.s.o.j.SharedEntityManagerCreator$SharedEntityManagerInvocationHandler - Creating new EntityManager for shared EntityManager invocation
2025-12-14 19:29:10 - o.s.o.j.SharedEntityManagerCreator$SharedEntityManagerInvocationHandler - Creating new EntityManager for shared EntityManager invocation
2025-12-14 19:29:10 - o.s.o.j.SharedEntityManagerCreator$SharedEntityManagerInvocationHandler - Creating new EntityManager for shared EntityManager invocation
2025-12-14 19:29:10 - o.s.o.j.SharedEntityManagerCreator$SharedEntityManagerInvocationHandler - Creating new EntityManager for shared EntityManager invocation
2025-12-14 19:29:10 - o.s.o.j.SharedEntityManagerCreator$SharedEntityManagerInvocationHandler - Creating new EntityManager for shared EntityManager invocation
2025-12-14 19:29:10 - o.s.o.j.SharedEntityManagerCreator$SharedEntityManagerInvocationHandler - Creating new EntityManager for shared EntityManager invocation
2025-12-14 19:29:10 - o.s.o.j.SharedEntityManagerCreator$SharedEntityManagerInvocationHandler - Creating new EntityManager for shared EntityManager invocation
2025-12-14 19:29:10 - o.s.o.j.SharedEntityManagerCreator$SharedEntityManagerInvocationHandler - Creating new EntityManager for shared EntityManager invocation
2025-12-14 19:29:10 - o.s.o.j.SharedEntityManagerCreator$SharedEntityManagerInvocationHandler - Creating new EntityManager for shared EntityManager invocation
2025-12-14 19:29:10 - o.s.o.j.SharedEntityManagerCreator$SharedEntityManagerInvocationHandler - Creating new EntityManager for shared EntityManager invocation
2025-12-14 19:29:11 - o.s.o.j.SharedEntityManagerCreator$SharedEntityManagerInvocationHandler - Creating new EntityManager for shared EntityManager invocation
2025-12-14 19:29:11 - o.s.o.j.SharedEntityManagerCreator$SharedEntityManagerInvocationHandler - Creating new EntityManager for shared EntityManager invocation
2025-12-14 19:29:11 - o.s.o.j.SharedEntityManagerCreator$SharedEntityManagerInvocationHandler - Creating new EntityManager for shared EntityManager invocation
2025-12-14 19:29:11 - o.s.o.j.SharedEntityManagerCreator$SharedEntityManagerInvocationHandler - Creating new EntityManager for shared EntityManager invocation
2025-12-14 19:29:11 - o.s.o.j.SharedEntityManagerCreator$SharedEntityManagerInvocationHandler - Creating new EntityManager for shared EntityManager invocation
2025-12-14 19:29:11 - o.s.o.j.SharedEntityManagerCreator$SharedEntityManagerInvocationHandler - Creating new EntityManager for shared EntityManager invocation
2025-12-14 19:29:11 - o.s.o.j.SharedEntityManagerCreator$SharedEntityManagerInvocationHandler - Creating new EntityManager for shared EntityManager invocation
2025-12-14 19:29:11 - o.s.o.j.SharedEntityManagerCreator$SharedEntityManagerInvocationHandler - Creating new EntityManager for shared EntityManager invocation
2025-12-14 19:29:11 - o.s.o.j.SharedEntityManagerCreator$SharedEntityManagerInvocationHandler - Creating new EntityManager for shared EntityManager invocation
2025-12-14 19:29:11 - o.s.o.j.SharedEntityManagerCreator$SharedEntityManagerInvocationHandler - Creating new EntityManager for shared EntityManager invocation
2025-12-14 19:29:11 - o.s.o.j.SharedEntityManagerCreator$SharedEntityManagerInvocationHandler - Creating new EntityManager for shared EntityManager invocation
2025-12-14 19:29:11 - o.s.o.j.SharedEntityManagerCreator$SharedEntityManagerInvocationHandler - Creating new EntityManager for shared EntityManager invocation
2025-12-14 19:29:11 - o.s.o.j.SharedEntityManagerCreator$SharedEntityManagerInvocationHandler - Creating new EntityManager for shared EntityManager invocation
2025-12-14 19:29:11 - org.hibernate.orm.deprecation - HHH90000021: Encountered deprecated setting [javax.persistence.query.timeout], use [jakarta.persistence.query.timeout] instead
2025-12-14 19:29:11 - o.s.o.j.SharedEntityManagerCreator$SharedEntityManagerInvocationHandler - Creating new EntityManager for shared EntityManager invocation
2025-12-14 19:29:11 - o.s.o.j.SharedEntityManagerCreator$SharedEntityManagerInvocationHandler - Creating new EntityManager for shared EntityManager invocation
2025-12-14 19:29:11 - o.s.o.j.SharedEntityManagerCreator$SharedEntityManagerInvocationHandler - Creating new EntityManager for shared EntityManager invocation
2025-12-14 19:29:11 - o.s.o.j.SharedEntityManagerCreator$SharedEntityManagerInvocationHandler - Creating new EntityManager for shared EntityManager invocation
2025-12-14 19:29:11 - o.s.o.j.SharedEntityManagerCreator$SharedEntityManagerInvocationHandler - Creating new EntityManager for shared EntityManager invocation
2025-12-14 19:29:11 - o.s.o.j.SharedEntityManagerCreator$SharedEntityManagerInvocationHandler - Creating new EntityManager for shared EntityManager invocation
2025-12-14 19:29:11 - o.s.o.j.SharedEntityManagerCreator$SharedEntityManagerInvocationHandler - Creating new EntityManager for shared EntityManager invocation
2025-12-14 19:29:11 - o.s.o.j.SharedEntityManagerCreator$SharedEntityManagerInvocationHandler - Creating new EntityManager for shared EntityManager invocation
2025-12-14 19:29:11 - o.s.o.j.SharedEntityManagerCreator$SharedEntityManagerInvocationHandler - Creating new EntityManager for shared EntityManager invocation
2025-12-14 19:29:11 - o.s.o.j.SharedEntityManagerCreator$SharedEntityManagerInvocationHandler - Creating new EntityManager for shared EntityManager invocation
2025-12-14 19:29:11 - o.s.o.j.SharedEntityManagerCreator$SharedEntityManagerInvocationHandler - Creating new EntityManager for shared EntityManager invocation
2025-12-14 19:29:11 - o.s.o.j.SharedEntityManagerCreator$SharedEntityManagerInvocationHandler - Creating new EntityManager for shared EntityManager invocation
2025-12-14 19:29:11 - o.s.o.j.SharedEntityManagerCreator$SharedEntityManagerInvocationHandler - Creating new EntityManager for shared EntityManager invocation
2025-12-14 19:29:11 - o.s.o.j.SharedEntityManagerCreator$SharedEntityManagerInvocationHandler - Creating new EntityManager for shared EntityManager invocation
2025-12-14 19:29:11 - o.s.o.j.SharedEntityManagerCreator$SharedEntityManagerInvocationHandler - Creating new EntityManager for shared EntityManager invocation
2025-12-14 19:29:11 - o.s.o.j.SharedEntityManagerCreator$SharedEntityManagerInvocationHandler - Creating new EntityManager for shared EntityManager invocation
2025-12-14 19:29:11 - o.s.o.j.SharedEntityManagerCreator$SharedEntityManagerInvocationHandler - Creating new EntityManager for shared EntityManager invocation
2025-12-14 19:29:11 - o.s.o.j.SharedEntityManagerCreator$SharedEntityManagerInvocationHandler - Creating new EntityManager for shared EntityManager invocation
2025-12-14 19:29:11 - o.s.o.j.SharedEntityManagerCreator$SharedEntityManagerInvocationHandler - Creating new EntityManager for shared EntityManager invocation
2025-12-14 19:29:11 - o.s.b.a.o.j.JpaBaseConfiguration$JpaWebConfiguration - spring.jpa.open-in-view is enabled by default. Therefore, database queries may be performed during view rendering. Explicitly configure spring.jpa.open-in-view to disable this warning
2025-12-14 19:29:12 - o.s.s.web.DefaultSecurityFilterChain - Will secure any request with [org.springframework.security.web.session.DisableEncodeUrlFilter@55f0ba66, org.springframework.security.web.context.request.async.WebAsyncManagerIntegrationFilter@57c06659, org.springframework.security.web.context.SecurityContextHolderFilter@b939971, org.springframework.security.web.header.HeaderWriterFilter@2ec969ba, org.springframework.web.filter.CorsFilter@5f19dea8, org.springframework.security.web.authentication.logout.LogoutFilter@14318e90, com.smboutique.api.security.AuthTokenFilter@163b8acc, org.springframework.security.web.savedrequest.RequestCacheAwareFilter@20821620, org.springframework.security.web.servletapi.SecurityContextHolderAwareRequestFilter@527304ae, org.springframework.security.web.authentication.AnonymousAuthenticationFilter@5eab0592, org.springframework.security.web.session.SessionManagementFilter@32fc8a41, org.springframework.security.web.access.ExceptionTranslationFilter@50603313, org.springframework.security.web.access.intercept.AuthorizationFilter@8d15c75]
2025-12-14 19:29:12 - o.s.b.w.e.tomcat.TomcatWebServer - Tomcat started on port 8085 (http) with context path '/'
2025-12-14 19:29:12 - com.smboutique.api.ApiApplication - Started ApiApplication in 15.389 seconds (process running for 16.388)
2025-12-14 19:29:12 - c.s.api.config.DataInitializer - Starting data initialization...
2025-12-14 19:29:12 - c.s.api.config.DataInitializer - Initializing permissions...
2025-12-14 19:29:12 - o.s.orm.jpa.JpaTransactionManager - Creating new transaction with name [org.springframework.data.jpa.repository.support.SimpleJpaRepository.count]: PROPAGATION_REQUIRED,ISOLATION_DEFAULT,readOnly
2025-12-14 19:29:12 - o.s.orm.jpa.JpaTransactionManager - Opened new EntityManager [SessionImpl(1636443007<open>)] for JPA transaction
2025-12-14 19:29:12 - o.s.orm.jpa.JpaTransactionManager - Exposing JPA transaction as JDBC [org.springframework.orm.jpa.vendor.HibernateJpaDialect$HibernateConnectionHandle@508d0d9a]
2025-12-14 19:29:12 - org.hibernate.orm.deprecation - HHH90000021: Encountered deprecated setting [javax.persistence.query.timeout], use [jakarta.persistence.query.timeout] instead
2025-12-14 19:29:13 - org.hibernate.SQL - 
    select
        count(*) 
    from
        permission p1_0
2025-12-14 19:29:13 - o.s.orm.jpa.JpaTransactionManager - Initiating transaction commit
2025-12-14 19:29:13 - o.s.orm.jpa.JpaTransactionManager - Committing JPA transaction on EntityManager [SessionImpl(1636443007<open>)]
2025-12-14 19:29:13 - o.s.orm.jpa.JpaTransactionManager - Closing JPA EntityManager [SessionImpl(1636443007<open>)] after transaction
2025-12-14 19:29:13 - c.s.api.config.DataInitializer - Permissions already exist, skipping initialization
2025-12-14 19:29:13 - c.s.api.config.DataInitializer - Initializing roles...
2025-12-14 19:29:13 - o.s.orm.jpa.JpaTransactionManager - Creating new transaction with name [org.springframework.data.jpa.repository.support.SimpleJpaRepository.count]: PROPAGATION_REQUIRED,ISOLATION_DEFAULT,readOnly
2025-12-14 19:29:13 - o.s.orm.jpa.JpaTransactionManager - Opened new EntityManager [SessionImpl(57898047<open>)] for JPA transaction
2025-12-14 19:29:13 - o.s.orm.jpa.JpaTransactionManager - Exposing JPA transaction as JDBC [org.springframework.orm.jpa.vendor.HibernateJpaDialect$HibernateConnectionHandle@75591913]
2025-12-14 19:29:13 - org.hibernate.orm.deprecation - HHH90000021: Encountered deprecated setting [javax.persistence.query.timeout], use [jakarta.persistence.query.timeout] instead
2025-12-14 19:29:13 - org.hibernate.SQL - 
    select
        count(*) 
    from
        role r1_0
2025-12-14 19:29:13 - o.s.orm.jpa.JpaTransactionManager - Initiating transaction commit
2025-12-14 19:29:13 - o.s.orm.jpa.JpaTransactionManager - Committing JPA transaction on EntityManager [SessionImpl(57898047<open>)]
2025-12-14 19:29:13 - o.s.orm.jpa.JpaTransactionManager - Closing JPA EntityManager [SessionImpl(57898047<open>)] after transaction
2025-12-14 19:29:13 - c.s.api.config.DataInitializer - Roles already exist, skipping initialization
2025-12-14 19:29:13 - c.s.api.config.DataInitializer - Initializing boutique...
2025-12-14 19:29:13 - o.s.orm.jpa.JpaTransactionManager - Creating new transaction with name [org.springframework.data.jpa.repository.support.SimpleJpaRepository.count]: PROPAGATION_REQUIRED,ISOLATION_DEFAULT,readOnly
2025-12-14 19:29:13 - o.s.orm.jpa.JpaTransactionManager - Opened new EntityManager [SessionImpl(2011397721<open>)] for JPA transaction
2025-12-14 19:29:13 - o.s.orm.jpa.JpaTransactionManager - Exposing JPA transaction as JDBC [org.springframework.orm.jpa.vendor.HibernateJpaDialect$HibernateConnectionHandle@4cbb217e]
2025-12-14 19:29:13 - org.hibernate.orm.deprecation - HHH90000021: Encountered deprecated setting [javax.persistence.query.timeout], use [jakarta.persistence.query.timeout] instead
2025-12-14 19:29:13 - org.hibernate.SQL - 
    select
        count(*) 
    from
        boutique b1_0
2025-12-14 19:29:13 - o.s.orm.jpa.JpaTransactionManager - Initiating transaction commit
2025-12-14 19:29:13 - o.s.orm.jpa.JpaTransactionManager - Committing JPA transaction on EntityManager [SessionImpl(2011397721<open>)]
2025-12-14 19:29:13 - o.s.orm.jpa.JpaTransactionManager - Closing JPA EntityManager [SessionImpl(2011397721<open>)] after transaction
2025-12-14 19:29:13 - c.s.api.config.DataInitializer - Boutique already exists, skipping initialization
2025-12-14 19:29:13 - c.s.api.config.DataInitializer - Initializing superadmin...
2025-12-14 19:29:13 - o.s.o.j.SharedEntityManagerCreator$SharedEntityManagerInvocationHandler - Creating new EntityManager for shared EntityManager invocation
2025-12-14 19:29:13 - org.hibernate.orm.deprecation - HHH90000021: Encountered deprecated setting [javax.persistence.query.timeout], use [jakarta.persistence.query.timeout] instead
2025-12-14 19:29:13 - org.hibernate.SQL - 
    select
        u1_0.id_utilisateur,
        u1_0.adresse,
        u1_0.avatar,
        u1_0.boutique_id,
        u1_0.contact_utilisateur,
        u1_0.email,
        u1_0.mot_de_passe_utilisateur,
        u1_0.nom_utilisateur,
        u1_0.prenom_utilisateur,
        u1_0.psedeau_utilisateur,
        u1_0.reset_token,
        u1_0.reset_token_expire,
        u1_0.statut,
        u1_0.type_utilisateur 
    from
        utilisateur u1_0 
    where
        upper(u1_0.email)=upper(?)
2025-12-14 19:29:13 - org.hibernate.SQL - 
    select
        r1_0.utilisateur_id,
        r1_1.id_role,
        r1_1.description,
        r1_1.name,
        p1_0.role_id,
        p1_1.id_permission,
        p1_1.description,
        p1_1.name 
    from
        utilisateur_roles r1_0 
    join
        role r1_1 
            on r1_1.id_role=r1_0.role_id 
    left join
        role_permissions p1_0 
            on r1_1.id_role=p1_0.role_id 
    left join
        permission p1_1 
            on p1_1.id_permission=p1_0.permission_id 
    where
        r1_0.utilisateur_id=?
2025-12-14 19:29:13 - org.hibernate.SQL - 
    select
        p1_0.utilisateur_id,
        p1_1.id_permission,
        p1_1.description,
        p1_1.name 
    from
        utilisateur_permissions p1_0 
    join
        permission p1_1 
            on p1_1.id_permission=p1_0.permission_id 
    where
        p1_0.utilisateur_id=?
2025-12-14 19:29:13 - c.s.api.config.DataInitializer - Superadmin already exists, skipping initialization
2025-12-14 19:29:13 - c.s.api.config.DataInitializer - Data initialization completed.
2025-12-14 19:31:05 - o.s.o.j.LocalContainerEntityManagerFactoryBean - Closing JPA EntityManagerFactory for persistence unit 'default'
2025-12-14 19:31:05 - com.zaxxer.hikari.HikariDataSource - HikariPool-1 - Shutdown initiated...
2025-12-14 19:31:05 - com.zaxxer.hikari.HikariDataSource - HikariPool-1 - Shutdown completed.
